    Charge                          FullPeptideName  Intensity                   ProteinName        RT             Sequence  aggr_prec_Peak_Apex  aggr_prec_Peak_Area  assay_iRT   assay_rt  d_score  decoy  delta_iRT  delta_rt                         filename       iRT                   id     ipf_pep  leftWidth     m_score  ms1_pep  ms2_m_score  ms2_pep        mz  peak_group_rank  precursor_pep  rightWidth               run_id                          transition_group_id
0        2           AAEDFTLLVK(Label:13C(6)15N(2))   189687.0           AQUA4SWATH_HMLangeE  3665.820           AAEDFTLLVK          107855.1703             702922.0       58.9  3708.4232   5.5390      0    -1.3421  -42.6032  napedro_L120420_010_SW.mzXML.gz   57.5579  6227384657721288232  0.0000e+00  3646.8899  0.0000e+00   0.0003       0.0033   0.0031  557.8153                1     9.4030e-09   3698.1001 -8670811102654834151            AAEDFTLLVK(Label:13C(6)15N(2))_87
1        2       AAGASAQVLGQEGK(Label:13C(6)15N(2))   265021.0               AQUA4SWATH_Spyo  1521.110       AAGASAQVLGQEGK          231000.0046            1051340.0       -5.3  1503.3343   5.8582      0     0.6697   17.7757  napedro_L120420_010_SW.mzXML.gz   -4.6303 -4109405113780929799  0.0000e+00  1503.2700  0.0000e+00   0.0003       0.0033   0.0031  647.8457                1     7.0822e-10   1537.4000 -8670811102654834151       AAGASAQVLGQEGK(Label:13C(6)15N(2))_257
2        2    AASEIATAELAPTHPIR(Label:13C(6)15N(4))    63749.0       AQUA4SWATH_PombeSchmidt  2754.990    AASEIATAELAPTHPIR           56607.9433             320548.0       31.5  2767.3108   5.6965      0    -0.3526  -12.3208  napedro_L120420_010_SW.mzXML.gz   31.1474 -4579089096808240748  0.0000e+00  2736.7000  0.0000e+00   0.0003       0.0033   0.0031  879.4746                1     7.0822e-10   2774.2600 -8670811102654834151    AASEIATAELAPTHPIR(Label:13C(6)15N(4))_235
3        2         AAVPVLVHPAPR(Label:13C(6)15N(4))    47860.0       AQUA4SWATH_Tuberculosis  2370.160         AAVPVLVHPAPR           30508.2548             135628.0       19.6  2358.5846   5.1771      0     0.3887   11.5754  napedro_L120420_010_SW.mzXML.gz   19.9887  1080224756928033227  0.0000e+00  2349.8101  0.0000e+00   0.0003       0.0033   0.0031  618.8762                1     1.5983e-09   2390.7800 -8670811102654834151         AAVPVLVHPAPR(Label:13C(6)15N(4))_279
4        2           ADDYTYEHLR(Label:13C(6)15N(4))    97468.0           AQUA4SWATH_HMLangeG  1743.790           ADDYTYEHLR           89956.6100             330373.0        4.8  1850.2388   5.3371      0    -2.9734 -106.4488  napedro_L120420_010_SW.mzXML.gz    1.8266 -6595106422864423511  0.0000e+00  1728.5800  0.0000e+00   0.0003       0.0033   0.0031  646.7927                1     7.0822e-10   1759.3101 -8670811102654834151           ADDYTYEHLR(Label:13C(6)15N(4))_132
5        2          ADHSGAVVLLK(Label:13C(6)15N(2))    37110.0           AQUA4SWATH_HMLangeD  1973.120          ADHSGAVVLLK           75249.4487             897889.0        9.9  2025.4137   4.1353      0    -1.4238  -52.2937  napedro_L120420_010_SW.mzXML.gz    8.4762  1099848936678289217  0.0000e+00  1943.3500  0.0000e+00   0.0355       0.0062   0.0225  559.3264                1     8.3299e-06   1997.9800 -8670811102654834151           ADHSGAVVLLK(Label:13C(6)15N(2))_67
6        2         ADLPAFAELLAR(Label:13C(6)15N(4))   302837.0       AQUA4SWATH_Tuberculosis  5272.980         ADLPAFAELLAR          102010.1501             615586.0      104.9  5288.3950   5.7626      0    -0.7409  -15.4150  napedro_L120420_010_SW.mzXML.gz  104.1591 -2380985861445579658  0.0000e+00  5248.3198  0.0000e+00   0.0003       0.0033   0.0031  648.8629                1     7.0822e-10   5299.5298 -8670811102654834151         ADLPAFAELLAR(Label:13C(6)15N(4))_280
7        2       ADSTGTLVITDPTR(Label:13C(6)15N(4))   207283.0           AQUA4SWATH_HMLangeA  2661.550       ADSTGTLVITDPTR          117220.7482             854645.0       26.5  2595.5788   5.7301      0     1.9379   65.9712  napedro_L120420_010_SW.mzXML.gz   28.4379 -4409520928686189639  0.0000e+00  2640.5100  0.0000e+00   0.0003       0.0033   0.0031  728.8795                1     6.0432e-09   2705.3701 -8670811102654834151         ADSTGTLVITDPTR(Label:13C(6)15N(4))_0
8        2        ADTLTAQELQQFK(Label:13C(6)15N(2))   187976.0             AQUA4SWATH_YeastB  3271.970        ADTLTAQELQQFK          154929.0558             836289.0       47.7  3323.7379   5.8751      0    -1.5623  -51.7679  napedro_L120420_010_SW.mzXML.gz   46.1377 -2709746704397488063  0.0000e+00  3251.6899  0.0000e+00   0.0003       0.0033   0.0031  750.8928                1     7.0822e-10   3296.0701 -8670811102654834151        ADTLTAQELQQFK(Label:13C(6)15N(2))_321
9        2          AEVAALAAENK(Label:13C(6)15N(2))   614154.0             AQUA4SWATH_YeastB  1700.970          AEVAALAAENK          508653.7310            2307740.0        0.3  1695.6752   5.9137      0     0.2851    5.2948  napedro_L120420_010_SW.mzXML.gz    0.5851 -3549790839793813313  0.0000e+00  1683.8000  0.0000e+00   0.0003       0.0033   0.0031  547.8002                1     1.1667e-08   1724.7600 -8670811102654834151          AEVAALAAENK(Label:13C(6)15N(2))_322
10       2            AFSYYGPLR(Label:13C(6)15N(4))   611528.0       AQUA4SWATH_HumanEbhardt  3090.390            AFSYYGPLR           80610.2606             765186.0       43.9  3193.2170   4.0437      0    -3.0274 -102.8270  napedro_L120420_010_SW.mzXML.gz   40.8726  6953226346699290441  3.7415e-14  3063.0100  1.6792e-16   0.0407       0.0062   0.0225  542.2785                1     5.8125e-04   3121.0500 -8670811102654834151            AFSYYGPLR(Label:13C(6)15N(4))_142
11       2       AGPDGTLFVVDAYK(Label:13C(6)15N(2))   161674.0           AQUA4SWATH_HMLangeC  3916.010       AGPDGTLFVVDAYK          105140.5610             773839.0       65.4  3931.6844   5.7165      0    -0.5877  -15.6744  napedro_L120420_010_SW.mzXML.gz   64.8123 -8606920604989566435  0.0000e+00  3886.5801  0.0000e+00   0.0003       0.0033   0.0031  730.8792                1     7.0822e-10   3961.6799 -8670811102654834151        AGPDGTLFVVDAYK(Label:13C(6)15N(2))_53
12       2       AIDYVEATANSHSR(Label:13C(6)15N(4))    82017.0             AQUA4SWATH_YeastB  1788.900       AIDYVEATANSHSR           40009.5917             260391.0        4.9  1853.6785   5.5160      0    -1.7655  -64.7785  napedro_L120420_010_SW.mzXML.gz    3.1345 -4213710682827324837  0.0000e+00  1763.2300  0.0000e+00   0.0003       0.0033   0.0031  772.3724                1     7.0822e-10   1811.0300 -8670811102654834151       AIDYVEATANSHSR(Label:13C(6)15N(4))_323
13       2           AITTQNVNTK(Label:13C(6)15N(2))    96333.0        AQUA4SWATH_MouseSabido   962.567           AITTQNVNTK          259580.5587            1401660.0      -22.4   915.9974   4.9676      0     1.5742   46.5696  napedro_L120420_010_SW.mzXML.gz  -20.8258    13814877337640266  0.0000e+00   943.0790  0.0000e+00   0.0003       0.0033   0.0031  549.3057                1     4.7606e-08    984.0450 -8670811102654834151           AITTQNVNTK(Label:13C(6)15N(2))_182
14       2        ALGYEDATQALGR(Label:13C(6)15N(4))   356015.0           AQUA4SWATH_HMLangeA  2915.460        ALGYEDATQALGR          184097.4993            1350180.0       36.8  2949.3521   5.6547      0    -0.9997  -33.8921  napedro_L120420_010_SW.mzXML.gz   35.8003 -7771919224870429764  0.0000e+00  2892.9299  0.0000e+00   0.0003       0.0033   0.0031  687.8480                1     7.0822e-10   2947.5500 -8670811102654834151          ALGYEDATQALGR(Label:13C(6)15N(4))_1
15       2             ALLASYHR(Label:13C(6)15N(4))    74633.0       AQUA4SWATH_Tuberculosis  1554.110             ALLASYHR           40462.4932             259816.0       -1.2  1644.1577   4.2065      0    -2.4734  -90.0477  napedro_L120420_010_SW.mzXML.gz   -3.6734 -5009746203059878090  0.0000e+00  1529.8600  0.0000e+00   0.0003       0.0062   0.0225  470.7656                1     8.5135e-08   1574.2400 -8670811102654834151             ALLASYHR(Label:13C(6)15N(4))_281
16       2   ANIQFGDDGTTISAVSNK(Label:13C(6)15N(2))    49804.0           AQUA4SWATH_HMLangeE  3104.450   ANIQFGDDGTTISAVSNK           72479.4488             457711.0       40.8  3086.7370   5.2577      0     0.4804   17.7130  napedro_L120420_010_SW.mzXML.gz   41.2804 -6017621488986169663  0.0000e+00  3081.6101  0.0000e+00   0.0003       0.0033   0.0031  923.4571                1     6.0432e-09   3129.4099 -8670811102654834151    ANIQFGDDGTTISAVSNK(Label:13C(6)15N(2))_88
17       2            ANLGAYFNR(Label:13C(6)15N(4))   133119.0              AQUA4SWATH_Lepto  2736.790            ANLGAYFNR          119714.5195             651725.0       34.4  2866.9167   4.7401      0    -3.7803 -130.1267  napedro_L120420_010_SW.mzXML.gz   30.6197 -4964868708071341630  0.0000e+00  2714.7000  0.0000e+00   0.0003       0.0033   0.0031  518.2659                1     8.4232e-08   2762.4900 -8670811102654834151            ANLGAYFNR(Label:13C(6)15N(4))_162
18       2            ANLIPVIAK(Label:13C(6)15N(2))   530833.0             AQUA4SWATH_YeastA  3319.490            ANLIPVIAK          247372.6454            1134930.0       46.8  3292.8250   5.1692      0     0.7156   26.6650  napedro_L120420_010_SW.mzXML.gz   47.5156   889736714703984570  0.0000e+00  3301.6799  0.0000e+00   0.0003       0.0033   0.0031  473.8124                1     4.5308e-08   3339.2300 -8670811102654834151            ANLIPVIAK(Label:13C(6)15N(2))_304
19       2        APIPTALDTDSSK(Label:13C(6)15N(2))   446618.0           AQUA4SWATH_HMLangeA  2401.280        APIPTALDTDSSK          384029.0662            1982920.0       19.1  2341.4023   5.4280      0     1.7913   59.8777  napedro_L120420_010_SW.mzXML.gz   20.8913  -797725006165535344  0.0000e+00  2384.1599  0.0000e+00   0.0003       0.0033   0.0031  662.3477                1     1.1667e-08   2428.5400 -8670811102654834151          APIPTALDTDSSK(Label:13C(6)15N(2))_2
20       2      APIYGTQNVYEVLDK(Label:13C(6)15N(2))    31573.0             AQUA4SWATH_YeastA  3914.820      APIYGTQNVYEVLDK           48849.9797             327940.0       65.9  3948.8558   5.3144      0    -1.1222  -34.0358  napedro_L120420_010_SW.mzXML.gz   64.7778  3988022756662148512  0.0000e+00  3890.5000  0.0000e+00   0.0003       0.0033   0.0031  859.4480                1     7.0822e-10   3941.7100 -8670811102654834151      APIYGTQNVYEVLDK(Label:13C(6)15N(2))_305
21       2         APPPGGWPLQPR(Label:13C(6)15N(4))   170669.0       AQUA4SWATH_HumanEbhardt  3047.460         APPPGGWPLQPR           33029.5634             573593.0       40.5  3076.4339   5.1909      0    -0.8721  -28.9739  napedro_L120420_010_SW.mzXML.gz   39.6279 -2638566967301418391  0.0000e+00  2998.5601  0.0000e+00   0.0003       0.0033   0.0031  641.8502                1     7.4082e-08   3090.7300 -8670811102654834151         APPPGGWPLQPR(Label:13C(6)15N(4))_143
22       2           APQALDILER(Label:13C(6)15N(4))   516090.0               AQUA4SWATH_Spyo  3419.120           APQALDILER          205536.1690            1680010.0       51.9  3467.9934   5.5429      0    -1.4955  -48.8734  napedro_L120420_010_SW.mzXML.gz   50.4045  6103305143581851369  0.0000e+00  3387.4299  0.0000e+00   0.0003       0.0033   0.0031  568.3209                1     1.5983e-09   3448.8899 -8670811102654834151           APQALDILER(Label:13C(6)15N(4))_258
23       2         AQAANQQTVEAK(Label:13C(6)15N(2))   187540.0  AQUA4SWATH_MycoplasmaSchmidt   624.310         AQAANQQTVEAK          371971.3814            1190840.0      -32.2   579.3944   5.5707      0     1.5661   44.9156  napedro_L120420_010_SW.mzXML.gz  -30.6339  4709047358908344610  0.0000e+00   612.2340  0.0000e+00   0.0003       0.0033   0.0031  633.8300                1     8.3354e-09    636.1320 -8670811102654834151         AQAANQQTVEAK(Label:13C(6)15N(2))_206
24       2            AQLTVSSER(Label:13C(6)15N(4))   631067.0  AQUA4SWATH_MycoplasmaSchmidt  1199.890            AQLTVSSER          307967.9606            1274820.0      -14.1  1201.0803   5.6428      0     0.1556   -1.1903  napedro_L120420_010_SW.mzXML.gz  -13.9444 -4474179539802460946  0.0000e+00  1181.8400  0.0000e+00   0.0003       0.0033   0.0031  500.7685                1     4.6346e-09   1215.9800 -8670811102654834151            AQLTVSSER(Label:13C(6)15N(4))_207
25       2          AVDLIDEASSK(Label:13C(6)15N(2))   669042.0              AQUA4SWATH_Lepto  2461.080          AVDLIDEASSK          220219.6964            2157060.0       22.6  2461.6199   4.9620      0     0.0252   -0.5399  napedro_L120420_010_SW.mzXML.gz   22.6252  -398774074081265830  0.0000e+00  2424.8201  0.0000e+00   0.0003       0.0033   0.0031  578.3028                1     1.2911e-08   2482.8601 -8670811102654834151          AVDLIDEASSK(Label:13C(6)15N(2))_163
26       2          AVTAAVESIQK(Label:13C(6)15N(2))   463518.0              AQUA4SWATH_Lepto  1944.530          AVTAAVESIQK          508675.0032            1861660.0        7.3  1936.1117   5.9339      0     0.3472    8.4183  napedro_L120420_010_SW.mzXML.gz    7.6472  6442424231056612497  0.0000e+00  1929.7000  0.0000e+00   0.0003       0.0033   0.0031  562.8237                1     7.2449e-09   1960.4301 -8670811102654834151          AVTAAVESIQK(Label:13C(6)15N(2))_164
27       2         DAALQDVSDSEK(Label:13C(6)15N(2))   347427.0           AQUA4SWATH_HMLangeE  1653.990         DAALQDVSDSEK          243160.0647            1204450.0       -2.2  1609.8075   5.6910      0     1.4228   44.1825  napedro_L120420_010_SW.mzXML.gz   -0.7772 -4607464944220069189  0.0000e+00  1636.4100  0.0000e+00   0.0003       0.0033   0.0031  643.3035                1     7.0822e-10   1670.5500 -8670811102654834151          DAALQDVSDSEK(Label:13C(6)15N(2))_89
28       2           DATLVNEADK(Label:13C(6)15N(2))   509644.0           AQUA4SWATH_HMLangeB  1494.960           DATLVNEADK          253957.8835            1306020.0       -7.4  1431.2009   5.5448      0     2.0116   63.7591  napedro_L120420_010_SW.mzXML.gz   -5.3884 -8506203196169948804  0.0000e+00  1475.5500  0.0000e+00   0.0003       0.0033   0.0031  542.2740                1     7.0822e-10   1523.3400 -8670811102654834151            DATLVNEADK(Label:13C(6)15N(2))_21
29       2            DFDSLGTLR(Label:13C(6)15N(4))   991983.0       AQUA4SWATH_Tuberculosis  3128.080            DFDSLGTLR          297987.2155            1555330.0       42.3  3138.2644   5.9446      0    -0.3346  -10.1844  napedro_L120420_010_SW.mzXML.gz   41.9654  5332986594202701020  0.0000e+00  3110.7100  0.0000e+00   0.0003       0.0033   0.0031  517.2631                1     7.2449e-09   3151.6699 -8670811102654834151            DFDSLGTLR(Label:13C(6)15N(4))_282
..     ...                                      ...        ...                           ...       ...                  ...                  ...                  ...        ...        ...      ...    ...        ...       ...                              ...       ...                  ...         ...        ...         ...      ...          ...      ...       ...              ...            ...         ...                  ...                                          ...
70       2      EVAQNNGQILFVGTK(Label:13C(6)15N(2))    30915.0  AQUA4SWATH_MycoplasmaSchmidt  3128.240      EVAQNNGQILFVGTK           28720.5165             186673.0       42.3  3138.2661   4.9259      0    -0.3300  -10.0261  napedro_L120420_010_SW.mzXML.gz   41.9700 -5401254393041328345  0.0000e+00  3105.1001  0.0000e+00   0.0003       0.0033   0.0031  813.4405                1     1.2911e-08   3156.3101 -8670811102654834151      EVAQNNGQILFVGTK(Label:13C(6)15N(2))_214
71       2           EVSSATNALR(Label:13C(6)15N(4))   752488.0       AQUA4SWATH_HumanEbhardt  1322.220           EVSSATNALR          345770.2800            1819640.0      -11.5  1290.3834   5.7965      0     1.1027   31.8366  napedro_L120420_010_SW.mzXML.gz  -10.3973  7961596222009390183  0.0000e+00  1301.4301  0.0000e+00   0.0003       0.0033   0.0031  529.2792                1     7.0822e-10   1342.4000 -8670811102654834151           EVSSATNALR(Label:13C(6)15N(4))_147
72       2        EYTEGVNGQPSIR(Label:13C(6)15N(4))   307223.0             AQUA4SWATH_YeastB  1931.070        EYTEGVNGQPSIR          116573.5812             881937.0        6.3  1901.7658   5.6449      0     0.9568   29.3042  napedro_L120420_010_SW.mzXML.gz    7.2568  2574246949074663854  0.0000e+00  1909.9301  0.0000e+00   0.0003       0.0033   0.0031  730.3562                1     1.5983e-09   1971.3800 -8670811102654834151        EYTEGVNGQPSIR(Label:13C(6)15N(4))_326
73       2          FATSDLNDLYR(Label:13C(6)15N(4))   132113.0              AQUA4SWATH_Lepto  3372.480          FATSDLNDLYR           51562.4148             358845.0       49.8  3395.8665   4.0730      0    -0.7479  -23.3865  napedro_L120420_010_SW.mzXML.gz   49.0521  6384323408226374297  0.0000e+00  3350.2900  0.0000e+00   0.0046       0.0062   0.0225  662.8240                1     2.4640e-06   3394.6699 -8670811102654834151          FATSDLNDLYR(Label:13C(6)15N(4))_167
74       2          FDTHEYHDESR(Label:13C(6)15N(4))    35475.0           AQUA4SWATH_HMLangeB  1030.590          FDTHEYHDESR           27947.1198             182677.0      -17.6  1080.8662   4.7991      0    -1.2535  -50.2762  napedro_L120420_010_SW.mzXML.gz  -18.8535   830696690274457744  0.0000e+00  1005.1400  0.0000e+00   0.0003       0.0033   0.0031  723.3014                1     1.8552e-07   1056.3500 -8670811102654834151           FDTHEYHDESR(Label:13C(6)15N(4))_23
75       2        FGHFTGFDSSTLK(Label:13C(6)15N(2))    42033.0           AQUA4SWATH_HMLangeF  3089.110        FGHFTGFDSSTLK           44719.3982             431141.0       44.4  3210.3884   4.1702      0    -3.5644 -121.2784  napedro_L120420_010_SW.mzXML.gz   40.8356  8943629340769664660  3.3307e-16  3070.6599  1.5974e-18   1.0000       0.0062   0.0225  726.3559                1     2.8088e-04   3115.0400 -8670811102654834151        FGHFTGFDSSTLK(Label:13C(6)15N(2))_117
76       2         FGTEIITETVSK(Label:13C(6)15N(2))   311615.0       AQUA4SWATH_PombeSchmidt  3324.720         FGTEIITETVSK          355050.0792            2063210.0       47.9  3330.6117   4.7597      0    -0.2329   -5.8917  napedro_L120420_010_SW.mzXML.gz   47.6671  2246972356386076779  0.0000e+00  3305.9099  0.0000e+00   0.0003       0.0033   0.0031  666.8605                1     1.1667e-08   3377.6001 -8670811102654834151         FGTEIITETVSK(Label:13C(6)15N(2))_236
77       2           FIDSTFLEQK(Label:13C(6)15N(2))   451759.0           AQUA4SWATH_HMLangeA  3434.050           FIDSTFLEQK          298339.6957            1877750.0       51.7  3461.1255   5.1035      0    -0.8626  -27.0755  napedro_L120420_010_SW.mzXML.gz   50.8374   909047282828920049  0.0000e+00  3411.5400  0.0000e+00   0.0003       0.0033   0.0031  618.3235                1     1.4244e-08   3462.7400 -8670811102654834151             FIDSTFLEQK(Label:13C(6)15N(2))_8
78       2           FINYDQTVSR(Label:13C(6)15N(4))   698972.0           AQUA4SWATH_HMLangeB  2248.720           FINYDQTVSR          409652.6012            1948470.0       17.8  2296.7529   5.4879      0    -1.3324  -48.0329  napedro_L120420_010_SW.mzXML.gz   16.4676  1660798287670135997  0.0000e+00  2230.4299  0.0000e+00   0.0003       0.0033   0.0031  626.8134                1     6.0432e-09   2271.3999 -8670811102654834151            FINYDQTVSR(Label:13C(6)15N(4))_24
79       2              FLDDTYK(Label:13C(6)15N(2))   425856.0           AQUA4SWATH_HMLangeB  1982.550              FLDDTYK          242088.6559            1703830.0        5.8  1884.5861   4.9560      0     2.9497   97.9639  napedro_L120420_010_SW.mzXML.gz    8.7497 -2281900854931634989  0.0000e+00  1963.4301  0.0000e+00   0.0003       0.0033   0.0031  455.2258                1     2.4091e-08   2011.2300 -8670811102654834151               FLDDTYK(Label:13C(6)15N(2))_25
80       2        FLEPYDDSIQAQK(Label:13C(6)15N(2))   188368.0           AQUA4SWATH_HMLangeB  2945.770        FLEPYDDSIQAQK          144629.9168            1039160.0       36.4  2935.6100   5.4072      0     0.2793   10.1600  napedro_L120420_010_SW.mzXML.gz   36.6793 -1149257407450403336  0.0000e+00  2910.4099  0.0000e+00   0.0003       0.0033   0.0031  781.3849                1     7.0822e-10   2975.2700 -8670811102654834151         FLEPYDDSIQAQK(Label:13C(6)15N(2))_26
81       2       FPSPVSHADDLYGK(Label:13C(6)15N(2))    34691.0       AQUA4SWATH_PombeSchmidt  2735.950       FPSPVSHADDLYGK           36266.5298             365813.0       31.6  2770.7504   4.9608      0    -1.0048  -34.8004  napedro_L120420_010_SW.mzXML.gz   30.5952 -8506288232957066811  0.0000e+00  2681.5701  0.0000e+00   0.0003       0.0033   0.0031  770.8797                1     4.6346e-09   2773.7500 -8670811102654834151       FPSPVSHADDLYGK(Label:13C(6)15N(2))_237
82       2           FSGADDTDFR(Label:13C(6)15N(4))   267816.0           AQUA4SWATH_HMLangeE  1928.530           FSGADDTDFR          241524.6287            1028330.0        8.1  1963.5884   5.6964      0    -0.9168  -35.0584  napedro_L120420_010_SW.mzXML.gz    7.1832 -8646066421910515352  0.0000e+00  1912.6300  0.0000e+00   0.0003       0.0033   0.0031  570.7452                1     4.6346e-09   1946.7700 -8670811102654834151            FSGADDTDFR(Label:13C(6)15N(4))_93
83       2           FSGVDDTDFR(Label:13C(6)15N(4))   481434.0           AQUA4SWATH_HMLangeE  2495.380           FSGVDDTDFR          303129.0581            1675960.0       22.8  2468.4929   5.3916      0     0.8196   26.8871  napedro_L120420_010_SW.mzXML.gz   23.6196  6961995119939283983  0.0000e+00  2472.6101  0.0000e+00   0.0003       0.0033   0.0031  584.7609                1     9.4030e-09   2513.5801 -8670811102654834151            FSGVDDTDFR(Label:13C(6)15N(4))_94
84       2       FSQAGSEVSALLGR(Label:13C(6)15N(4))   157135.0              AQUA4SWATH_Lepto  3715.510       FSQAGSEVSALLGR           70501.9912             554238.0       61.8  3808.0315   5.2945      0    -2.8014  -92.5215  napedro_L120420_010_SW.mzXML.gz   58.9986 -4045014838689976787  0.0000e+00  3688.4700  0.0000e+00   0.0003       0.0033   0.0031  716.3769                1     9.4030e-09   3736.2600 -8670811102654834151       FSQAGSEVSALLGR(Label:13C(6)15N(4))_168
85       2         FSTEEEVDYVVK(Label:13C(6)15N(2))    88402.0             AQUA4SWATH_YeastB  3148.430         FSTEEEVDYVVK           74880.1630             411208.0       44.0  3196.6541   5.1197      0    -1.4445  -48.2241  napedro_L120420_010_SW.mzXML.gz   42.5555 -7228914186528368824  0.0000e+00  3125.2800  0.0000e+00   0.0003       0.0033   0.0031  726.8529                1     1.2911e-08   3173.0701 -8670811102654834151         FSTEEEVDYVVK(Label:13C(6)15N(2))_327
86       2        FVDSTGYLTEAEK(Label:13C(6)15N(2))   269871.0           AQUA4SWATH_HMLangeF  2860.620        FVDSTGYLTEAEK          253822.0495            1329470.0       34.7  2877.2250   5.7650      0    -0.4899  -16.6050  napedro_L120420_010_SW.mzXML.gz   34.2101 -6034887541083502974  0.0000e+00  2841.9299  0.0000e+00   0.0003       0.0033   0.0031  734.3583                1     1.5983e-09   2879.4800 -8670811102654834151        FVDSTGYLTEAEK(Label:13C(6)15N(2))_118
87       2           FWLVEGDSSR(Label:13C(6)15N(4))   538983.0           AQUA4SWATH_HMLangeB  3484.380           FWLVEGDSSR          145150.3636             983431.0       55.4  3588.2076   5.3656      0    -3.1032 -103.8276  napedro_L120420_010_SW.mzXML.gz   52.2968  1488556076031953134  0.0000e+00  3455.9199  0.0000e+00   0.0003       0.0033   0.0031  603.2949                1     7.0822e-10   3513.9500 -8670811102654834151            FWLVEGDSSR(Label:13C(6)15N(4))_27
88       2           GAFVDAHLLK(Label:13C(6)15N(2))    90215.0  AQUA4SWATH_MycoplasmaSchmidt  2786.020           GAFVDAHLLK          137478.7238             593630.0       34.2  2860.0468   5.2800      0    -2.1528  -74.0268  napedro_L120420_010_SW.mzXML.gz   32.0472 -3691251994571895144  0.0000e+00  2762.5901  0.0000e+00   0.0003       0.0033   0.0031  539.8104                1     1.5983e-09   2806.9700 -8670811102654834151           GAFVDAHLLK(Label:13C(6)15N(2))_215
89       2           GAIAAAHYIR(Label:13C(6)15N(4))    88647.0             AQUA4SWATH_YeastB  1793.180           GAIAAAHYIR           55701.9472             302299.0        5.7  1881.1502   5.2816      0    -2.4412  -87.9702  napedro_L120420_010_SW.mzXML.gz    3.2588  6167332660364273009  0.0000e+00  1769.1400  0.0000e+00   0.0003       0.0033   0.0031  526.7974                1     8.3354e-09   1813.5300 -8670811102654834151           GAIAAAHYIR(Label:13C(6)15N(4))_328
90       2        GAQEDGTGQATSR(Label:13C(6)15N(4))   172422.0           AQUA4SWATH_HMLangeC   420.401        GAQEDGTGQATSR          265075.3727             751783.0      -36.2   442.0055   5.8995      0    -0.3465  -21.6045  napedro_L120420_010_SW.mzXML.gz  -36.5465  6037333980557672278  0.0000e+00   407.3990  0.0000e+00   0.0003       0.0033   0.0031  644.2936                1     7.0822e-10    434.7120 -8670811102654834151         GAQEDGTGQATSR(Label:13C(6)15N(4))_57
91       2       GDLFTQQQLEVLDR(Label:13C(6)15N(4))    79060.0        AQUA4SWATH_MouseSabido  4197.280       GDLFTQQQLEVLDR           60855.6970             329261.0       73.6  4213.3264   5.6702      0    -0.6319  -16.0464  napedro_L120420_010_SW.mzXML.gz   72.9681  3768621186904075151  0.0000e+00  4180.5698  0.0000e+00   0.0003       0.0033   0.0031  836.4324                1     1.5983e-09   4221.5400 -8670811102654834151       GDLFTQQQLEVLDR(Label:13C(6)15N(4))_188
92       2        GDSSLLLAVTEVK(Label:13C(6)15N(2))   165175.0           AQUA4SWATH_HMLangeB  4287.900        GDSSLLLAVTEVK           88454.9276             522615.0       76.3  4306.0721   5.5977      0    -0.7045  -18.1721  napedro_L120420_010_SW.mzXML.gz   75.5955  2129083052657810933  0.0000e+00  4265.2100  0.0000e+00   0.0003       0.0033   0.0031  670.3816                1     1.1667e-08   4319.8398 -8670811102654834151         GDSSLLLAVTEVK(Label:13C(6)15N(2))_28
93       2         GDVQAVAYEEPK(Label:13C(6)15N(2))   304864.0        AQUA4SWATH_MouseSabido  1917.320         GDVQAVAYEEPK          201608.0780            1016210.0        6.5  1908.6288   5.9964      0     0.3583    8.6912  napedro_L120420_010_SW.mzXML.gz    6.8583 -2309502843049049271  0.0000e+00  1899.3800  0.0000e+00   0.0003       0.0033   0.0031  657.3268                1     7.0822e-10   1936.9301 -8670811102654834151         GDVQAVAYEEPK(Label:13C(6)15N(2))_189
94       2       GENIPEPGIPESFK(Label:13C(6)15N(2))   522644.0       AQUA4SWATH_Tuberculosis  3455.420       GENIPEPGIPESFK          208884.0909            1063190.0       51.5  3454.2616   5.6476      0    -0.0431    1.1584  napedro_L120420_010_SW.mzXML.gz   51.4569 -3993387312722337069  0.0000e+00  3436.0400  0.0000e+00   0.0003       0.0033   0.0031  761.3874                1     1.1667e-08   3473.6001 -8670811102654834151       GENIPEPGIPESFK(Label:13C(6)15N(2))_286
95       2            GFDATYHVR(Label:13C(6)15N(4))    92840.0           AQUA4SWATH_HMLangeE  1750.750            GFDATYHVR          135806.9267            1026610.0        3.9  1819.3275   4.4511      0    -1.8716  -68.5775  napedro_L120420_010_SW.mzXML.gz    2.0284  6575595963013729151  3.9957e-13  1731.5900  1.8144e-15   0.5778       0.0062   0.0225  538.2634                1     8.4453e-03   1769.1400 -8670811102654834151             GFDATYHVR(Label:13C(6)15N(4))_95
96       2  GFTPDGPAGTEPNIAPGYK(Label:13C(6)15N(2))   304459.0              AQUA4SWATH_Lepto  3075.750  GFTPDGPAGTEPNIAPGYK          194847.4074             968985.0       39.4  3038.6533   5.9861      0     1.0482   37.0967  napedro_L120420_010_SW.mzXML.gz   40.4482   725624140668631730  0.0000e+00  3057.8201  0.0000e+00   0.0003       0.0033   0.0031  948.9645                1     7.0822e-10   3095.3701 -8670811102654834151  GFTPDGPAGTEPNIAPGYK(Label:13C(6)15N(2))_169
97       2           GGNFGFGDSR(Label:13C(6)15N(4))   382433.0       AQUA4SWATH_HumanEbhardt  1984.570           GGNFGFGDSR          158928.4812             843945.0       11.9  2094.1085   5.0378      0    -3.0918 -109.5385  napedro_L120420_010_SW.mzXML.gz    8.8082 -7797929030476974532  0.0000e+00  1963.6300  0.0000e+00   0.0003       0.0033   0.0031  512.2295                1     5.9380e-08   2011.4301 -8670811102654834151           GGNFGFGDSR(Label:13C(6)15N(4))_149
98       2          GHFYYDISDVR(Label:13C(6)15N(4))    55289.0           AQUA4SWATH_HMLangeG  2889.390          GHFYYDISDVR           46057.1329             272430.0       39.4  3038.6590   4.9333      0    -4.3557 -149.2690  napedro_L120420_010_SW.mzXML.gz   35.0443  9218597765662578237  0.0000e+00  2869.0300  0.0000e+00   0.0003       0.0033   0.0031  691.3242                1     2.4091e-08   2913.4099 -8670811102654834151          GHFYYDISDVR(Label:13C(6)15N(4))_134
99       2         GIAASDGVAVAK(Label:13C(6)15N(2))   319128.0               AQUA4SWATH_Spyo  1715.560         GIAASDGVAVAK          228311.6217            1060010.0       -1.4  1637.2919   5.8413      0     2.4079   78.2681  napedro_L120420_010_SW.mzXML.gz    1.0079  7617756229621228830  0.0000e+00  1697.4500  0.0000e+00   0.0003       0.0033   0.0031  533.8028                1     7.2449e-09   1735.0000 -8670811102654834151         GIAASDGVAVAK(Label:13C(6)15N(2))_263

[100 rows x 29 columns]
