    Charge             FullPeptideName  Intensity          ProteinName       RT        Sequence                           aggr_Fragment_Annotation                                     aggr_Peak_Apex                                     aggr_Peak_Area  aggr_prec_Peak_Apex  aggr_prec_Peak_Area  assay_iRT   assay_rt  d_score  decoy  delta_iRT  delta_rt                         filename      iRT                   id  leftWidth  m_score        mz  peak_group_rank  rightWidth               run_id  transition_group_id
0        2  ADSTGTLVITDPTR(UniMod:267)   207283.0  AQUA4SWATH_HMLangeA  2661.55  ADSTGTLVITDPTR  1363_y6_2;1348_b8_2;1343_b4_1;1359_y3_1;1365_y...  41.0;787.0;969.0;36907.0;479.0;60.0;1426.0;30....  223.0;12510.0;10322.0;251772.0;5557.0;500.0;99...          117220.7482           8.5464e+05       26.5  2595.5788   5.7301      0     1.9379   65.9712  napedro_L120420_010_SW.mzXML.gz  28.4379 -4409520928686189639  2640.5100   0.0033  728.8795                1   2705.3701 -8670811102654834151                    0
1        2  ADSTGTLVITDPTR(UniMod:267)     6385.0  AQUA4SWATH_HMLangeA  2605.74  ADSTGTLVITDPTR  1363_y6_2;1348_b8_2;1343_b4_1;1359_y3_1;1365_y...  0.0;520.0;181.0;1338.0;294.0;20.0;232.0;10.0;1...  150.0;13418.0;3123.0;9325.0;2329.0;100.0;4328....            8790.7812           1.0401e+05       26.5  2595.5733   1.2404      0     0.3198   10.1667  napedro_L120420_010_SW.mzXML.gz  26.8198   260819276075322832  2575.6399   0.0685  728.8795                2   2623.4399 -8670811102654834151                    0
2        2  ADSTGTLVITDPTR(UniMod:267)     3838.0  AQUA4SWATH_HMLangeA  2708.53  ADSTGTLVITDPTR  1363_y6_2;1348_b8_2;1343_b4_1;1359_y3_1;1365_y...  0.0;541.0;294.0;1060.0;90.0;0.0;190.0;30.0;429...  50.0;5415.0;1984.0;6992.0;1344.0;60.0;1748.0;1...            5750.4716           7.3215e+04       26.5  2595.5750   0.8151      0     3.3002  112.9550  napedro_L120420_010_SW.mzXML.gz  29.8002  8534214264242363560  2705.3701   0.2018  728.8795                3   2736.0901 -8670811102654834151                    0
3        2  ADSTGTLVITDPTR(UniMod:267)     2693.0  AQUA4SWATH_HMLangeA  2795.06  ADSTGTLVITDPTR  1363_y6_2;1348_b8_2;1343_b4_1;1359_y3_1;1365_y...  0.0;702.0;334.0;386.0;241.0;10.0;212.0;20.0;29...  10.0;4454.0;1675.0;2411.0;1323.0;60.0;1121.0;1...            4036.5600           2.5862e+04       26.5  2595.5754   0.6777      0     5.8092  199.4846  napedro_L120420_010_SW.mzXML.gz  32.3092  6932937885234622359  2790.7200   0.2018  728.8795                4   2811.2000 -8670811102654834151                    0
4        2  ADSTGTLVITDPTR(UniMod:267)     5180.0  AQUA4SWATH_HMLangeA  2832.77  ADSTGTLVITDPTR  1363_y6_2;1348_b8_2;1343_b4_1;1359_y3_1;1365_y...  0.0;592.0;397.0;743.0;427.0;20.0;222.0;0.0;348...  30.0;10869.0;5111.0;8116.0;33319.0;271.0;6193....           10419.7435           2.4187e+05       26.5  2595.5778  -0.1013      0     6.9026  237.1922  napedro_L120420_010_SW.mzXML.gz  33.4026  5163914660633416481  2811.2000   0.4692  728.8795                5   2855.5801 -8670811102654834151                    0
5        2   ALGYEDATQALGR(UniMod:267)   356015.0  AQUA4SWATH_HMLangeA  2915.46   ALGYEDATQALGR  1392_y3_1;1381_b7_2;1397_y7_2;1377_b4_1;1383_b...  6434.0;20.0;30.0;3256.0;612.0;305.0;10290.0;42...  52418.0;371.0;190.0;29826.0;11442.0;6748.0;742...          184097.4993           1.3502e+06       36.8  2949.3521   5.6547      0    -0.9997  -33.8921  napedro_L120420_010_SW.mzXML.gz  35.8003 -7771919224870429764  2892.9299   0.0033  687.8480                1   2947.5500 -8670811102654834151                    1
6        2   ALGYEDATQALGR(UniMod:267)    14023.0  AQUA4SWATH_HMLangeA  3065.45   ALGYEDATQALGR  1392_y3_1;1381_b7_2;1397_y7_2;1377_b4_1;1383_b...  755.0;0.0;30.0;683.0;1662.0;960.0;961.0;1408.0...  8053.0;120.0;130.0;6300.0;17305.0;6555.0;7224....            2301.7830           1.0445e+05       36.8  2949.3510   1.5182      0     3.3495  116.0990  napedro_L120420_010_SW.mzXML.gz  40.1495 -1618439206596772741  3043.1399   0.0685  687.8480                2   3087.5200 -8670811102654834151                    1
7        2   ALGYEDATQALGR(UniMod:267)     9306.0  AQUA4SWATH_HMLangeA  3238.25   ALGYEDATQALGR  1392_y3_1;1381_b7_2;1397_y7_2;1377_b4_1;1383_b...  285.0;0.0;50.0;448.0;763.0;367.0;243.0;428.0;1...  4531.0;60.0;110.0;8458.0;7981.0;5786.0;2646.0;...            3238.0957           6.5173e+04       36.8  2949.3558  -0.5351      0     8.3599  288.8942  napedro_L120420_010_SW.mzXML.gz  45.1599  9173417844487548347  3207.0100   0.4692  687.8480                3   3247.9700 -8670811102654834151                    1
8        2   ALGYEDATQALGR(UniMod:267)     6866.0  AQUA4SWATH_HMLangeA  2885.93   ALGYEDATQALGR  1392_y3_1;1381_b7_2;1397_y7_2;1377_b4_1;1383_b...  469.0;50.0;30.0;631.0;529.0;603.0;274.0;429.0;...  2440.0;170.0;140.0;4129.0;3599.0;3021.0;1531.0...            8025.5601           7.0488e+04       36.8  2949.3534  -1.1134      0    -1.8560  -63.4234  napedro_L120420_010_SW.mzXML.gz  34.9440  4932359594612728841  2869.0300   0.4692  687.8480                4   2889.5100 -8670811102654834151                    1
9        2   ALGYEDATQALGR(UniMod:267)     7875.0  AQUA4SWATH_HMLangeA  3108.69   ALGYEDATQALGR  1392_y3_1;1381_b7_2;1397_y7_2;1377_b4_1;1383_b...  870.0;0.0;50.0;2053.0;1451.0;409.0;765.0;572.0...  7124.0;120.0;220.0;12655.0;11293.0;4294.0;5896...            3486.5153           5.5320e+04       36.8  2949.3492  -1.2624      0     4.6033  159.3408  napedro_L120420_010_SW.mzXML.gz  41.4033 -1528523763856537095  3087.5200   0.4692  687.8480                5   3125.0701 -8670811102654834151                    1
10       2   APIPTALDTDSSK(UniMod:259)   446618.0  AQUA4SWATH_HMLangeA  2401.28   APIPTALDTDSSK  1409_b4_1;1427_y7_2;1414_b8_2;1429_y8_2;1416_b...  1908.0;632.0;1525.0;61.0;50.0;4851.0;815.0;150...  15008.0;14328.0;11636.0;411.0;521.0;35626.0;10...          384029.0662           1.9829e+06       19.1  2341.4023   5.4280      0     1.7913   59.8777  napedro_L120420_010_SW.mzXML.gz  20.8913  -797725006165535344  2384.1599   0.0033  662.3477                1   2428.5400 -8670811102654834151                    2
11       2   APIPTALDTDSSK(UniMod:259)    25478.0  AQUA4SWATH_HMLangeA  2367.05   APIPTALDTDSSK  1409_b4_1;1427_y7_2;1414_b8_2;1429_y8_2;1416_b...  530.0;1176.0;734.0;20.0;40.0;2793.0;550.0;385....  4522.0;10604.0;7762.0;260.0;250.0;13751.0;8380...           16770.3620           1.2145e+06       19.1  2341.4036   0.9270      0     0.7987   25.6464  napedro_L120420_010_SW.mzXML.gz  19.8987  8285713993220047291  2322.7000   0.2018  662.3477                2   2370.5000 -8670811102654834151                    2
12       2   APIPTALDTDSSK(UniMod:259)    16934.0  AQUA4SWATH_HMLangeA  2457.21   APIPTALDTDSSK  1409_b4_1;1427_y7_2;1414_b8_2;1429_y8_2;1416_b...  1124.0;1031.0;271.0;51.0;20.0;530.0;510.0;519....  11666.0;11242.0;4366.0;371.0;230.0;7296.0;5374...           13798.4282           1.1999e+05       19.1  2341.4108  -1.2322      0     3.4128  115.7992  napedro_L120420_010_SW.mzXML.gz  22.5128 -5813278779056481050  2442.1899   0.4692  662.3477                3   2483.1599 -8670811102654834151                    2
13       2   APIPTALDTDSSK(UniMod:259)    34563.0  AQUA4SWATH_HMLangeA  2277.32   APIPTALDTDSSK  1409_b4_1;1427_y7_2;1414_b8_2;1429_y8_2;1416_b...  374.0;641.0;314.0;132.0;70.0;530.0;490.0;317.0...  2411.0;6456.0;3311.0;799.0;431.0;11149.0;4738....           30118.4404           1.7822e+05       19.1  2341.4096  -1.3380      0    -1.8033  -64.0896  napedro_L120420_010_SW.mzXML.gz  17.2967   314311909921658632  2257.8401   0.4692  662.3477                4   2291.9800 -8670811102654834151                    2
14       2   APIPTALDTDSSK(UniMod:259)    86118.0  AQUA4SWATH_HMLangeA  2168.54   APIPTALDTDSSK  1409_b4_1;1427_y7_2;1414_b8_2;1429_y8_2;1416_b...  1349.0;479.0;1035.0;50.0;10.0;1030.0;2430.0;34...  8014.0;7323.0;15224.0;400.0;281.0;9866.0;17175...           16052.5678           1.4071e+05       19.1  2341.4109  -2.2540      0    -4.9575 -172.8709  napedro_L120420_010_SW.mzXML.gz  14.1425   -97604496219386069  2145.1799   0.4692  662.3477                5   2196.3899 -8670811102654834151                    2
15       2       DAVNDITAK(UniMod:259)   550550.0  AQUA4SWATH_HMLangeA  1440.97       DAVNDITAK  1437_b7_2;1444_y7_2;1433_b4_1;1439_b8_2;1446_y...  928.0;8915.0;2857.0;264.0;1364.0;9466.0;20899....  9951.0;48372.0;21445.0;3196.0;9340.0;48669.0;1...          346652.2688           1.7190e+06       -7.8  1417.4678   5.6703      0     0.8459   23.5022  napedro_L120420_010_SW.mzXML.gz  -6.9541  8126738070040012582  1420.7200   0.0033  477.7527                1   1461.6899 -8670811102654834151                    3
16       2       DAVNDITAK(UniMod:259)     9087.0  AQUA4SWATH_HMLangeA  1399.46       DAVNDITAK  1437_b7_2;1444_y7_2;1433_b4_1;1439_b8_2;1446_y...  611.0;120.0;468.0;755.0;560.0;140.0;4466.0;183...  4362.0;825.0;3608.0;2702.0;2960.0;803.0;25467....            4199.7868           2.9226e+04       -7.8  1417.4640   1.2909      0    -0.3576  -18.0040  napedro_L120420_010_SW.mzXML.gz  -8.1576 -1776048885737895349  1386.5800   0.0685  477.7527                2   1407.0601 -8670811102654834151                    3
17       2       DAVNDITAK(UniMod:259)    16487.0  AQUA4SWATH_HMLangeA  1498.30       DAVNDITAK  1437_b7_2;1444_y7_2;1433_b4_1;1439_b8_2;1446_y...  722.0;213.0;470.0;90.0;703.0;315.0;2471.0;327....  15561.0;1763.0;6722.0;1222.0;5556.0;3531.0;330...            8977.3591           6.8175e+04       -7.8  1417.4709   0.0788      0     2.5082   80.8291  napedro_L120420_010_SW.mzXML.gz  -5.2918    -2964685333120901  1475.3400   0.4692  477.7527                3   1519.7200 -8670811102654834151                    3
18       2       DAVNDITAK(UniMod:259)    13278.0  AQUA4SWATH_HMLangeA  1379.86       DAVNDITAK  1437_b7_2;1444_y7_2;1433_b4_1;1439_b8_2;1446_y...  470.0;222.0;467.0;130.0;366.0;173.0;1207.0;284...  5029.0;4136.0;5696.0;1631.0;4683.0;2793.0;1754...            4975.0670           3.9047e+04       -7.8  1417.4644  -0.8668      0    -0.9259  -37.6044  napedro_L120420_010_SW.mzXML.gz  -8.7259  3148606271787840557  1349.0300   0.4692  477.7527                4   1386.5800 -8670811102654834151                    3
19       2       DAVNDITAK(UniMod:259)     4862.0  AQUA4SWATH_HMLangeA  1222.18       DAVNDITAK  1437_b7_2;1444_y7_2;1433_b4_1;1439_b8_2;1446_y...  1102.0;20.0;633.0;388.0;574.0;111.0;1643.0;294...  12990.0;251.0;7822.0;1705.0;4218.0;1019.0;9391...            5904.1374           3.3378e+04       -7.8  1417.4628  -1.0328      0    -5.4980 -195.2828  napedro_L120420_010_SW.mzXML.gz -13.2980  4042037459888573790  1215.8800   0.4692  477.7527                5   1243.1899 -8670811102654834151                    3
20       2     DITAFDETLFR(UniMod:267)   316323.0  AQUA4SWATH_HMLangeA  4736.91     DITAFDETLFR  1465_y6_2;1454_b7_2;1450_b4_1;1461_y3_1;1456_b...  30.0;10.0;4177.0;2790.0;569.0;1081.0;60.0;101....  250.0;170.0;33058.0;18451.0;7377.0;11113.0;903...           89199.6087           5.6932e+05       88.1  4711.3648   5.8401      0     0.5151   25.5452  napedro_L120420_010_SW.mzXML.gz  88.6151 -1732939685941081620  4715.8398   0.0033  669.3342                1   4770.4702 -8670811102654834151                    4
21       2     DITAFDETLFR(UniMod:267)     4916.0  AQUA4SWATH_HMLangeA  4777.56     DITAFDETLFR  1465_y6_2;1454_b7_2;1450_b4_1;1461_y3_1;1456_b...  40.0;10.0;786.0;152.0;611.0;426.0;70.0;50.0;30...  120.0;100.0;4622.0;2441.0;3864.0;2113.0;260.0;...            2787.2405           1.4235e+04       88.1  4711.3628   1.0887      0     1.6939   66.1972  napedro_L120420_010_SW.mzXML.gz  89.7939 -1299945717078979920  4773.8799   0.2018  669.3342                2   4790.9502 -8670811102654834151                    4
22       2     DITAFDETLFR(UniMod:267)     6654.0  AQUA4SWATH_HMLangeA  4618.81     DITAFDETLFR  1465_y6_2;1454_b7_2;1450_b4_1;1461_y3_1;1456_b...  30.0;10.0;541.0;172.0;355.0;458.0;60.0;60.0;34...  160.0;90.0;5213.0;1191.0;3054.0;4770.0;632.0;6...            6259.7971           4.9404e+04       88.1  4711.3651  -0.7177      0    -2.9093  -92.5551  napedro_L120420_010_SW.mzXML.gz  85.1907  3978035690434740829  4592.9399   0.4692  669.3342                3   4627.0801 -8670811102654834151                    4
23       2     DITAFDETLFR(UniMod:267)     6422.0  AQUA4SWATH_HMLangeA  4694.18     DITAFDETLFR  1465_y6_2;1454_b7_2;1450_b4_1;1461_y3_1;1456_b...  60.0;0.0;428.0;366.0;284.0;449.0;0.0;0.0;181.0...  431.0;100.0;3892.0;2419.0;2026.0;3399.0;290.0;...            3414.7566           3.0436e+04       88.1  4711.3621  -1.8170      0    -0.7238  -17.1821  napedro_L120420_010_SW.mzXML.gz  87.3762 -2776243016438776881  4678.2900   0.4692  669.3342                4   4705.6001 -8670811102654834151                    4
24       2     DITAFDETLFR(UniMod:267)    45745.0  AQUA4SWATH_HMLangeA  4551.25     DITAFDETLFR  1465_y6_2;1454_b7_2;1450_b4_1;1461_y3_1;1456_b...  30.0;30.0;510.0;324.0;386.0;510.0;61.0;20.0;39...  190.0;180.0;8870.0;2934.0;5207.0;6717.0;261.0;...            3389.6989           2.4528e+04       88.1  4711.3638  -2.6785      0    -4.8682 -160.1138  napedro_L120420_010_SW.mzXML.gz  83.2318   782684869511957854  4528.0801   0.4692  669.3342                5   4572.4600 -8670811102654834151                    4
25       2  DLGPALADSSHDVK(UniMod:259)    99909.0  AQUA4SWATH_HMLangeA  2191.90  DLGPALADSSHDVK  1497_y3_1;1486_b8_2;1481_b4_1;1502_y7_2;1488_b...  1528.0;40.0;959.0;365.0;0.0;112.0;2335.0;161.0...  12229.0;3502.0;8085.0;5070.0;120.0;743.0;15520...           60653.3969           4.8404e+05       14.4  2179.9784   5.7367      0     0.4199   11.9216  napedro_L120420_010_SW.mzXML.gz  14.8199 -6747816958328369759  2162.4600   0.0033  716.8615                1   2220.4900 -8670811102654834151                    5
26       2  DLGPALADSSHDVK(UniMod:259)     2192.0  AQUA4SWATH_HMLangeA  2319.21  DLGPALADSSHDVK  1497_y3_1;1486_b8_2;1481_b4_1;1502_y7_2;1488_b...  253.0;181.0;294.0;315.0;0.0;10.0;917.0;274.0;6...  949.0;583.0;1475.0;1288.0;30.0;20.0;3245.0;901...             889.3322           5.8974e+03       14.4  2179.9751   0.6852      0     4.1114  139.2349  napedro_L120420_010_SW.mzXML.gz  18.5114 -3796004822510395804  2305.8401   0.2018  716.8615                2   2322.9099 -8670811102654834151                    5
27       2  DLGPALADSSHDVK(UniMod:259)     4150.0  AQUA4SWATH_HMLangeA  2230.35  DLGPALADSSHDVK  1497_y3_1;1486_b8_2;1481_b4_1;1502_y7_2;1488_b...  161.0;172.0;284.0;366.0;30.0;0.0;592.0;243.0;1...  1925.0;1885.0;3088.0;3549.0;130.0;120.0;3771.0...            5054.0526           4.7318e+04       14.4  2179.9709  -0.0357      0     1.5350   50.3791  napedro_L120420_010_SW.mzXML.gz  15.9350 -7351287175690601893  2220.4900   0.4692  716.8615                3   2247.8101 -8670811102654834151                    5
28       2  DLGPALADSSHDVK(UniMod:259)    46429.0  AQUA4SWATH_HMLangeA  2414.67  DLGPALADSSHDVK  1497_y3_1;1486_b8_2;1481_b4_1;1502_y7_2;1488_b...  245.0;499.0;274.0;632.0;30.0;0.0;479.0;337.0;3...  2603.0;7171.0;3268.0;4715.0;90.0;180.0;3647.0;...            1472.8326           1.8027e+04       14.4  2179.9780  -1.4530      0     6.8793  234.6920  napedro_L120420_010_SW.mzXML.gz  21.2793 -7430540705360357638  2401.4299   0.4692  716.8615                4   2438.9800 -8670811102654834151                    5
29       2  DLGPALADSSHDVK(UniMod:259)     7162.0  AQUA4SWATH_HMLangeA  2376.75  DLGPALADSSHDVK  1497_y3_1;1486_b8_2;1481_b4_1;1502_y7_2;1488_b...  50.0;1335.0;1259.0;1648.0;20.0;0.0;1831.0;366....  2788.0;9858.0;9804.0;13492.0;120.0;190.0;10908...           18944.3957           1.1654e+05       14.4  2179.9764  -2.4837      0     5.7798  196.7736  napedro_L120420_010_SW.mzXML.gz  20.1798  8908308585569243591  2353.6399   0.4692  716.8615                5   2387.7800 -8670811102654834151                    5
..     ...                         ...        ...                  ...      ...             ...                                                ...                                                ...                                                ...                  ...                  ...        ...        ...      ...    ...        ...       ...                              ...      ...                  ...        ...      ...       ...              ...         ...                  ...                  ...
70       2       LEDSTAPIR(UniMod:267)   503049.0  AQUA4SWATH_HMLangeA  1455.99       LEDSTAPIR  1683_b7_2;1678_b3_1;1691_y7_2;1686_y3_1;1685_b...  30.0;12930.0;1709.0;25500.0;927.0;5118.0;1063....  683.0;50953.0;13155.0;92890.0;12675.0;21546.0;...          330196.7683           1.4498e+06       -8.1  1407.1585   5.4870      0     1.5816   48.8315  napedro_L120420_010_SW.mzXML.gz  -6.5184  2301101510927918633  1441.3000   0.0033  506.2709                1   1472.0300 -8670811102654834151                   14
71       2       LEDSTAPIR(UniMod:267)     8256.0  AQUA4SWATH_HMLangeA  1423.55       LEDSTAPIR  1683_b7_2;1678_b3_1;1691_y7_2;1686_y3_1;1685_b...  141.0;2008.0;1133.0;304.0;1245.0;500.0;326.0;3...  896.0;7274.0;7380.0;1026.0;5635.0;3586.0;1794....           25889.7351           1.3791e+05       -8.1  1407.1627   2.6545      0     0.6409   16.3873  napedro_L120420_010_SW.mzXML.gz  -7.4591 -9059007664292712863  1407.1700   0.0120  506.2709                2   1427.6500 -8670811102654834151                   14
72       2       LEDSTAPIR(UniMod:267)     8195.0  AQUA4SWATH_HMLangeA  1652.46       LEDSTAPIR  1683_b7_2;1678_b3_1;1691_y7_2;1686_y3_1;1685_b...  20.0;733.0;2071.0;275.0;581.0;763.0;500.0;172....  512.0;8178.0;16011.0;2084.0;7806.0;8290.0;5290...           11688.9807           1.3800e+05       -8.1  1407.1628  -0.1009      0     7.2783  245.2972  napedro_L120420_010_SW.mzXML.gz  -0.8217  6344853824089971831  1632.4800   0.4692  506.2709                3   1676.8600 -8670811102654834151                   14
73       2       LEDSTAPIR(UniMod:267)    19898.0  AQUA4SWATH_HMLangeA  1518.00       LEDSTAPIR  1683_b7_2;1678_b3_1;1691_y7_2;1686_y3_1;1685_b...  171.0;1152.0;816.0;100.0;560.0;337.0;101.0;233...  1710.0;15406.0;19870.0;1576.0;27988.0;8832.0;4...           11104.6481           2.2386e+05       -8.1  1407.1656  -0.2651      0     3.3794  110.8344  napedro_L120420_010_SW.mzXML.gz  -4.7206  3700650458871096740  1509.5800   0.4692  506.2709                4   1560.7900 -8670811102654834151                   14
74       2       LEDSTAPIR(UniMod:267)    15920.0  AQUA4SWATH_HMLangeA  1604.24       LEDSTAPIR  1683_b7_2;1678_b3_1;1691_y7_2;1686_y3_1;1685_b...  120.0;2797.0;1477.0;263.0;8256.0;375.0;348.0;4...  1246.0;23375.0;16710.0;2208.0;64253.0;12126.0;...            9082.3308           2.2222e+05       -8.1  1407.1599  -2.5032      0     5.8802  197.0801  napedro_L120420_010_SW.mzXML.gz  -2.2198  -938668788838332474  1577.8600   0.4692  506.2709                5   1629.0699 -8670811102654834151                   14
75       2     LNTIYQNDLTK(UniMod:259)   397659.0  AQUA4SWATH_HMLangeA  2492.82     LNTIYQNDLTK  1713_y6_2;1700_b6_2;1709_y3_1;1702_b7_2;1697_b...  20.0;365.0;5178.0;1475.0;4403.0;1667.0;80.0;43...  391.0;5281.0;31708.0;12795.0;31542.0;11653.0;6...          237457.7602           1.5433e+06       24.4  2523.4473   5.6899      0    -0.8546  -30.6273  napedro_L120420_010_SW.mzXML.gz  23.5454 -1640064902339918943  2469.5000   0.0033  665.8583                1   2513.8899 -8670811102654834151                   15
76       2     LNTIYQNDLTK(UniMod:259)    20010.0  AQUA4SWATH_HMLangeA  2705.95     LNTIYQNDLTK  1713_y6_2;1700_b6_2;1709_y3_1;1702_b7_2;1697_b...  30.0;633.0;252.0;936.0;561.0;753.0;60.0;389.0;...  250.0;7811.0;1744.0;11094.0;6007.0;7333.0;630....            5245.4529           6.7660e+04       24.4  2523.4483   1.8687      0     5.3253  182.5017  napedro_L120420_010_SW.mzXML.gz  29.7253 -1007734361656491344  2681.1599   0.0418  665.8583                2   2725.5500 -8670811102654834151                   15
77       2     LNTIYQNDLTK(UniMod:259)    54283.0  AQUA4SWATH_HMLangeA  2383.18     LNTIYQNDLTK  1713_y6_2;1700_b6_2;1709_y3_1;1702_b7_2;1697_b...  20.0;377.0;50.0;849.0;377.0;684.0;50.0;170.0;5...  50.0;6288.0;1026.0;8260.0;11210.0;10221.0;400....            3028.3946           5.8535e+04       24.4  2523.4442  -0.2981      0    -4.0336 -140.2642  napedro_L120420_010_SW.mzXML.gz  20.3664  7763158692599182032  2360.2600   0.4692  665.8583                3   2401.2300 -8670811102654834151                   15
78       2     LNTIYQNDLTK(UniMod:259)   127773.0  AQUA4SWATH_HMLangeA  2440.94     LNTIYQNDLTK  1713_y6_2;1700_b6_2;1709_y3_1;1702_b7_2;1697_b...  50.0;1127.0;1000.0;1616.0;3403.0;366.0;40.0;11...  712.0;13272.0;9905.0;17892.0;36399.0;5798.0;45...            5582.9573           6.9642e+04       24.4  2523.4473  -0.4961      0    -2.3589  -82.5073  napedro_L120420_010_SW.mzXML.gz  22.0411 -3889642487993277741  2421.7100   0.4692  665.8583                4   2469.5000 -8670811102654834151                   15
79       2     LNTIYQNDLTK(UniMod:259)    67174.0  AQUA4SWATH_HMLangeA  2339.76     LNTIYQNDLTK  1713_y6_2;1700_b6_2;1709_y3_1;1702_b7_2;1697_b...  0.0;623.0;60.0;918.0;151.0;541.0;50.0;448.0;10...  150.0;9873.0;1247.0;14885.0;4332.0;5129.0;540....            3370.8413           6.4879e+04       24.4  2523.4426  -3.0365      0    -5.2926 -183.6826  napedro_L120420_010_SW.mzXML.gz  19.1074 -1599617118749158916  2309.0500   0.4692  665.8583                5   2360.2600 -8670811102654834151                   15
80       2   SVLEDTTSYEEAK(UniMod:259)   170083.0  AQUA4SWATH_HMLangeA  2247.73   SVLEDTTSYEEAK  1742_y3_1;1746_y6_2;1731_b7_2;1733_b8_2;1748_y...  5300.0;0.0;0.0;409.0;232.0;4281.0;0.0;5493.0;0...  25397.0;80.0;80.0;2819.0;2707.0;21268.0;250.0;...          169233.5806           7.9178e+05       17.2  2276.1507   5.7745      0    -0.7613  -28.4207  napedro_L120420_010_SW.mzXML.gz  16.4387 -5529423995339000099  2230.8401   0.0033  740.3507                1   2268.3899 -8670811102654834151                   16
81       2   SVLEDTTSYEEAK(UniMod:259)     8587.0  AQUA4SWATH_HMLangeA  2309.21   SVLEDTTSYEEAK  1742_y3_1;1746_y6_2;1731_b7_2;1733_b8_2;1748_y...  542.0;0.0;0.0;856.0;306.0;314.0;20.0;415.0;10....  22295.0;70.0;100.0;8053.0;3616.0;6696.0;300.0;...            5123.2287           5.7851e+04       17.2  2276.1425   1.5491      0     1.0216   33.0675  napedro_L120420_010_SW.mzXML.gz  18.2216  3157293529664391770  2288.8701   0.0685  740.3507                2   2333.2500 -8670811102654834151                   16
82       2   SVLEDTTSYEEAK(UniMod:259)     4486.0  AQUA4SWATH_HMLangeA  2358.38   SVLEDTTSYEEAK  1742_y3_1;1746_y6_2;1731_b7_2;1733_b8_2;1748_y...  271.0;20.0;0.0;325.0;233.0;367.0;0.0;304.0;20....  8516.0;110.0;70.0;3789.0;2782.0;4877.0;170.0;3...            2360.6850           2.2144e+04       17.2  2276.1436  -0.7945      0     2.4473   82.2364  napedro_L120420_010_SW.mzXML.gz  19.6473 -5928830376971727394  2340.0801   0.4692  740.3507                3   2381.0500 -8670811102654834151                   16
83       2   SVLEDTTSYEEAK(UniMod:259)     4076.0  AQUA4SWATH_HMLangeA  2149.69   SVLEDTTSYEEAK  1742_y3_1;1746_y6_2;1731_b7_2;1733_b8_2;1748_y...  315.0;0.0;0.0;91.0;213.0;235.0;20.0;231.0;10.0...  3582.0;40.0;30.0;882.0;1984.0;4389.0;100.0;344...            3993.3486           3.5962e+04       17.2  2276.1474  -1.3354      0    -3.6040 -126.4574  napedro_L120420_010_SW.mzXML.gz  13.5960  7562918281900669287  2142.0801   0.4692  740.3507                4   2176.2200 -8670811102654834151                   16
84       2   SVLEDTTSYEEAK(UniMod:259)     2369.0  AQUA4SWATH_HMLangeA  2212.37   SVLEDTTSYEEAK  1742_y3_1;1746_y6_2;1731_b7_2;1733_b8_2;1748_y...  1134.0;0.0;10.0;292.0;386.0;335.0;30.0;602.0;2...  4922.0;60.0;50.0;1750.0;3081.0;2196.0;110.0;31...           57804.3977           2.6250e+05       17.2  2276.1507  -2.3424      0    -1.7866  -63.7807  napedro_L120420_010_SW.mzXML.gz  15.4134  8519361793705099427  2200.1101   0.4692  740.3507                5   2220.6001 -8670811102654834151                   16
85       2    SWATGSPDSSNR(UniMod:267)   196462.0  AQUA4SWATH_HMLangeA  1329.96    SWATGSPDSSNR  1770_y3_1;1775_y7_2;1763_b8_2;1777_y8_2;1765_b...  1338.0;272.0;10.0;713.0;927.0;3675.0;181.0;110...  6109.0;703.0;90.0;3163.0;5323.0;14654.0;920.0;...          120743.1922           5.0591e+05       -9.1  1372.8134   5.7279      0    -1.0728  -42.8534  napedro_L120420_010_SW.mzXML.gz -10.1728  7809402182970292929  1312.0800   0.0033  637.7854                1   1346.2200 -8670811102654834151                   17
86       2    SWATGSPDSSNR(UniMod:267)     3760.0  AQUA4SWATH_HMLangeA  1300.20    SWATGSPDSSNR  1770_y3_1;1775_y7_2;1763_b8_2;1777_y8_2;1765_b...  387.0;0.0;0.0;110.0;171.0;131.0;40.0;407.0;122...  2081.0;90.0;80.0;1017.0;752.0;784.0;150.0;2543...            3468.1678           1.3029e+04       -9.1  1372.8118   3.8170      0    -1.9357  -72.6118  napedro_L120420_010_SW.mzXML.gz -11.0357   802770302323437186  1288.1899   0.0062  637.7854                2   1305.2600 -8670811102654834151                   17
87       2    SWATGSPDSSNR(UniMod:267)     3715.0  AQUA4SWATH_HMLangeA  1360.55    SWATGSPDSSNR  1770_y3_1;1775_y7_2;1763_b8_2;1777_y8_2;1765_b...  140.0;0.0;10.0;233.0;131.0;121.0;50.0;335.0;70...  1170.0;60.0;60.0;1259.0;795.0;806.0;210.0;1447...            1415.1735           1.5207e+04       -9.1  1372.8135   3.0440      0    -0.1858  -12.2635  napedro_L120420_010_SW.mzXML.gz  -9.2858  6019417194465506595  1356.4600   0.0091  637.7854                3   1373.5300 -8670811102654834151                   17
88       2    SWATGSPDSSNR(UniMod:267)    29108.0  AQUA4SWATH_HMLangeA  1592.51    SWATGSPDSSNR  1770_y3_1;1775_y7_2;1763_b8_2;1777_y8_2;1765_b...  1000.0;10.0;70.0;673.0;5421.0;1353.0;71.0;1198...  8158.0;150.0;512.0;5534.0;27965.0;9317.0;1033....            2457.5838           1.6351e+04       -9.1  1372.8165   0.4751      0     6.5400  219.6935  napedro_L120420_010_SW.mzXML.gz  -2.5600  2672854510299658289  1574.9600   0.2507  637.7854                4   1619.3400 -8670811102654834151                   17
89       2    SWATGSPDSSNR(UniMod:267)     4037.0  AQUA4SWATH_HMLangeA  1540.54    SWATGSPDSSNR  1770_y3_1;1775_y7_2;1763_b8_2;1777_y8_2;1765_b...  368.0;30.0;10.0;530.0;306.0;202.0;60.0;284.0;5...  9594.0;210.0;70.0;7092.0;2330.0;2238.0;350.0;2...            2078.7058           2.1637e+04       -9.1  1372.8199  -0.3516      0     5.0330  167.7201  napedro_L120420_010_SW.mzXML.gz  -4.0670  3995832705891706304  1520.3400   0.4692  637.7854                5   1554.4700 -8670811102654834151                   17
90       2     VAGDQTSAVLR(UniMod:267)   393441.0  AQUA4SWATH_HMLangeA  1585.49     VAGDQTSAVLR  1787_b8_2;1797_y7_2;1792_y3_1;1789_b9_2;1799_y...  30.0;1601.0;10342.0;766.0;867.0;14133.0;5843.0...  1032.0;5174.0;34684.0;7587.0;5273.0;45356.0;20...          464430.9827           1.5900e+06       -4.2  1541.1199   5.7096      0     1.4364   44.3701  napedro_L120420_010_SW.mzXML.gz  -2.7636  7031457086089910425  1571.2400   0.0033  563.8082                1   1598.5500 -8670811102654834151                   18
91       2     VAGDQTSAVLR(UniMod:267)     4993.0  AQUA4SWATH_HMLangeA  1497.12     VAGDQTSAVLR  1787_b8_2;1797_y7_2;1792_y3_1;1789_b9_2;1799_y...  10.0;40.0;458.0;491.0;408.0;160.0;388.0;80.0;1...  220.0;180.0;4714.0;4168.0;4085.0;874.0;11539.0...            6442.4194           4.3162e+04       -4.2  1541.1194   2.3729      0    -1.1260  -43.9994  napedro_L120420_010_SW.mzXML.gz  -5.3260  1756053292522475389  1479.0601   0.0180  563.8082                2   1513.2000 -8670811102654834151                   18
92       2     VAGDQTSAVLR(UniMod:267)     9220.0  AQUA4SWATH_HMLangeA  1660.52     VAGDQTSAVLR  1787_b8_2;1797_y7_2;1792_y3_1;1789_b9_2;1799_y...  40.0;10.0;70.0;959.0;428.0;60.0;611.0;70.0;161...  571.0;200.0;451.0;10235.0;4365.0;742.0;8055.0;...            2618.1128           4.0668e+04       -4.2  1541.1141   0.1798      0     3.6121  119.4059  napedro_L120420_010_SW.mzXML.gz  -0.5879  7130096974348671060  1646.3400   0.4000  563.8082                3   1683.9000 -8670811102654834151                   18
93       2     VAGDQTSAVLR(UniMod:267)     2409.0  AQUA4SWATH_HMLangeA  1831.89     VAGDQTSAVLR  1787_b8_2;1797_y7_2;1792_y3_1;1789_b9_2;1799_y...  81.0;0.0;30.0;714.0;467.0;50.0;712.0;491.0;264...  321.0;60.0;243.0;3720.0;2803.0;220.0;3656.0;23...            1711.9921           1.2901e+04       -4.2  1541.1143  -0.5356      0     8.5812  290.7757  napedro_L120420_010_SW.mzXML.gz   4.3812 -4262308502611531352  1823.8700   0.4692  563.8082                4   1840.9399 -8670811102654834151                   18
94       2     VAGDQTSAVLR(UniMod:267)     5828.0  AQUA4SWATH_HMLangeA  1542.20     VAGDQTSAVLR  1787_b8_2;1797_y7_2;1792_y3_1;1789_b9_2;1799_y...  20.0;10.0;31.0;583.0;417.0;100.0;2700.0;120.0;...  260.0;361.0;840.0;5973.0;2910.0;743.0;13486.0;...            2420.8152           2.2885e+04       -4.2  1541.1153  -1.9766      0     0.1813    1.0847  napedro_L120420_010_SW.mzXML.gz  -4.0187 -3242689829518262873  1526.8600   0.4692  563.8082                5   1554.1700 -8670811102654834151                   18
95       2      VYVYAVDQTR(UniMod:267)   597887.0  AQUA4SWATH_HMLangeA  2230.18      VYVYAVDQTR  1817_y6_2;1803_b3_1;1808_b7_2;1813_y3_1;1819_y...  439.0;20367.0;40.0;19321.0;968.0;120.0;4323.0;...  3589.0;89094.0;571.0;85016.0;4040.0;965.0;2048...          269150.5777           1.1925e+06       16.3  2245.2318   5.6532      0    -0.3700  -15.0518  napedro_L120420_010_SW.mzXML.gz  15.9300  6870255268859409918  2213.2600   0.0033  612.3184                1   2247.3999 -8670811102654834151                   19
96       2      VYVYAVDQTR(UniMod:267)    16553.0  AQUA4SWATH_HMLangeA  2317.38      VYVYAVDQTR  1817_y6_2;1803_b3_1;1808_b7_2;1813_y3_1;1819_y...  224.0;847.0;10.0;582.0;30.0;50.0;295.0;531.0;5...  2071.0;5859.0;141.0;4805.0;321.0;503.0;2775.0;...            9656.7598           8.9588e+04       16.3  2245.2345   0.3846      0     2.1584   72.1455  napedro_L120420_010_SW.mzXML.gz  18.4584  6262215160571261022  2302.0200   0.2507  612.3184                2   2332.7400 -8670811102654834151                   19
97       2      VYVYAVDQTR(UniMod:267)    20746.0  AQUA4SWATH_HMLangeA  2120.97      VYVYAVDQTR  1817_y6_2;1803_b3_1;1808_b7_2;1813_y3_1;1819_y...  283.0;913.0;50.0;1597.0;60.0;50.0;643.0;937.0;...  4611.0;12157.0;330.0;11363.0;594.0;1098.0;5460...           10568.0806           8.5677e+04       16.3  2245.2373   0.3343      0    -3.5368 -124.2673  napedro_L120420_010_SW.mzXML.gz  12.7632  -610141049182829192  2100.6001   0.4000  612.3184                3   2141.5701 -8670811102654834151                   19
98       2      VYVYAVDQTR(UniMod:267)    48058.0  AQUA4SWATH_HMLangeA  2291.53      VYVYAVDQTR  1817_y6_2;1803_b3_1;1808_b7_2;1813_y3_1;1819_y...  397.0;263.0;50.0;520.0;162.0;80.0;441.0;296.0;...  4032.0;2661.0;580.0;6989.0;1362.0;732.0;6854.0...            6480.8607           7.5465e+04       16.3  2245.2345  -0.0155      0     1.4088   46.2955  napedro_L120420_010_SW.mzXML.gz  17.7088  2043199813358518344  2267.8799   0.4692  612.3184                4   2298.6101 -8670811102654834151                   19
99       2      VYVYAVDQTR(UniMod:267)    10959.0  AQUA4SWATH_HMLangeA  2538.15      VYVYAVDQTR  1817_y6_2;1803_b3_1;1808_b7_2;1813_y3_1;1819_y...  306.0;233.0;30.0;510.0;40.0;213.0;406.0;562.0;...  1334.0;1410.0;140.0;2288.0;140.0;1194.0;1952.0...           10810.2698           5.6554e+04       16.3  2245.2307  -1.8782      0     8.5599  292.9193  napedro_L120420_010_SW.mzXML.gz  24.8599 -5430403952310232561  2520.5100   0.4692  612.3184                5   2544.4099 -8670811102654834151                   19

[100 rows x 27 columns]
