    Charge             FullPeptideName  Intensity          ProteinName       RT        Sequence                           aggr_Fragment_Annotation                                     aggr_Peak_Apex                                     aggr_Peak_Area  aggr_prec_Peak_Apex  aggr_prec_Peak_Area  assay_iRT   assay_rt  d_score  decoy  delta_iRT  delta_rt                         filename      iRT                   id  leftWidth  m_score        mz  peak_group_rank  rightWidth               run_id  transition_group_id
0        2  ADSTGTLVITDPTR(UniMod:267)   207283.0  AQUA4SWATH_HMLangeA  2661.55  ADSTGTLVITDPTR  1343_b4_1;1359_y3_1;1344_b5_1;1360_y4_1;1345_b...  969.0;36907.0;1426.0;6131.0;2071.0;11984.0;559...  10322.0;251772.0;9915.0;43365.0;15040.0;80527....          117220.7482           8.5464e+05       26.5  2595.5788   5.7301      0     1.9379   65.9712  napedro_L120420_010_SW.mzXML.gz  28.4379 -4409520928686189639  2640.5100   0.0033  728.8795                1   2705.3701 -8670811102654834151                    0
1        2  ADSTGTLVITDPTR(UniMod:267)     6385.0  AQUA4SWATH_HMLangeA  2605.74  ADSTGTLVITDPTR                                                NaN                                                NaN                                                NaN            8790.7812           1.0401e+05       26.5  2595.5733   1.2404      0     0.3198   10.1667  napedro_L120420_010_SW.mzXML.gz  26.8198   260819276075322832  2575.6399   0.0685  728.8795                2   2623.4399 -8670811102654834151                    0
2        2  ADSTGTLVITDPTR(UniMod:267)     3838.0  AQUA4SWATH_HMLangeA  2708.53  ADSTGTLVITDPTR                                                NaN                                                NaN                                                NaN            5750.4716           7.3215e+04       26.5  2595.5750   0.8151      0     3.3002  112.9550  napedro_L120420_010_SW.mzXML.gz  29.8002  8534214264242363560  2705.3701   0.2018  728.8795                3   2736.0901 -8670811102654834151                    0
3        2  ADSTGTLVITDPTR(UniMod:267)     2693.0  AQUA4SWATH_HMLangeA  2795.06  ADSTGTLVITDPTR                                                NaN                                                NaN                                                NaN            4036.5600           2.5862e+04       26.5  2595.5754   0.6777      0     5.8092  199.4846  napedro_L120420_010_SW.mzXML.gz  32.3092  6932937885234622359  2790.7200   0.2018  728.8795                4   2811.2000 -8670811102654834151                    0
4        2  ADSTGTLVITDPTR(UniMod:267)     5180.0  AQUA4SWATH_HMLangeA  2832.77  ADSTGTLVITDPTR                                                NaN                                                NaN                                                NaN           10419.7435           2.4187e+05       26.5  2595.5778  -0.1013      0     6.9026  237.1922  napedro_L120420_010_SW.mzXML.gz  33.4026  5163914660633416481  2811.2000   0.4692  728.8795                5   2855.5801 -8670811102654834151                    0
5        2   ALGYEDATQALGR(UniMod:267)   356015.0  AQUA4SWATH_HMLangeA  2915.46   ALGYEDATQALGR  1392_y3_1;1377_b4_1;1393_y4_1;1378_b5_1;1394_y...  6434.0;3256.0;10290.0;2827.0;6724.0;1335.0;133...  52418.0;29826.0;74242.0;25170.0;52600.0;15741....          184097.4993           1.3502e+06       36.8  2949.3521   5.6547      0    -0.9997  -33.8921  napedro_L120420_010_SW.mzXML.gz  35.8003 -7771919224870429764  2892.9299   0.0033  687.8480                1   2947.5500 -8670811102654834151                    1
6        2   ALGYEDATQALGR(UniMod:267)    14023.0  AQUA4SWATH_HMLangeA  3065.45   ALGYEDATQALGR                                                NaN                                                NaN                                                NaN            2301.7830           1.0445e+05       36.8  2949.3510   1.5182      0     3.3495  116.0990  napedro_L120420_010_SW.mzXML.gz  40.1495 -1618439206596772741  3043.1399   0.0685  687.8480                2   3087.5200 -8670811102654834151                    1
7        2   ALGYEDATQALGR(UniMod:267)     9306.0  AQUA4SWATH_HMLangeA  3238.25   ALGYEDATQALGR                                                NaN                                                NaN                                                NaN            3238.0957           6.5173e+04       36.8  2949.3558  -0.5351      0     8.3599  288.8942  napedro_L120420_010_SW.mzXML.gz  45.1599  9173417844487548347  3207.0100   0.4692  687.8480                3   3247.9700 -8670811102654834151                    1
8        2   ALGYEDATQALGR(UniMod:267)     6866.0  AQUA4SWATH_HMLangeA  2885.93   ALGYEDATQALGR                                                NaN                                                NaN                                                NaN            8025.5601           7.0488e+04       36.8  2949.3534  -1.1134      0    -1.8560  -63.4234  napedro_L120420_010_SW.mzXML.gz  34.9440  4932359594612728841  2869.0300   0.4692  687.8480                4   2889.5100 -8670811102654834151                    1
9        2   ALGYEDATQALGR(UniMod:267)     7875.0  AQUA4SWATH_HMLangeA  3108.69   ALGYEDATQALGR                                                NaN                                                NaN                                                NaN            3486.5153           5.5320e+04       36.8  2949.3492  -1.2624      0     4.6033  159.3408  napedro_L120420_010_SW.mzXML.gz  41.4033 -1528523763856537095  3087.5200   0.4692  687.8480                5   3125.0701 -8670811102654834151                    1
10       2   APIPTALDTDSSK(UniMod:259)   446618.0  AQUA4SWATH_HMLangeA  2401.28   APIPTALDTDSSK  1409_b4_1;1423_y4_1;1410_b5_1;1404_b10_2;1418_...  1908.0;4851.0;1505.0;6080.0;22378.0;13531.0;12...  15008.0;35626.0;9642.0;36807.0;117103.0;78253....          384029.0662           1.9829e+06       19.1  2341.4023   5.4280      0     1.7913   59.8777  napedro_L120420_010_SW.mzXML.gz  20.8913  -797725006165535344  2384.1599   0.0033  662.3477                1   2428.5400 -8670811102654834151                    2
11       2   APIPTALDTDSSK(UniMod:259)    25478.0  AQUA4SWATH_HMLangeA  2367.05   APIPTALDTDSSK                                                NaN                                                NaN                                                NaN           16770.3620           1.2145e+06       19.1  2341.4036   0.9270      0     0.7987   25.6464  napedro_L120420_010_SW.mzXML.gz  19.8987  8285713993220047291  2322.7000   0.2018  662.3477                2   2370.5000 -8670811102654834151                    2
12       2   APIPTALDTDSSK(UniMod:259)    16934.0  AQUA4SWATH_HMLangeA  2457.21   APIPTALDTDSSK                                                NaN                                                NaN                                                NaN           13798.4282           1.1999e+05       19.1  2341.4108  -1.2322      0     3.4128  115.7992  napedro_L120420_010_SW.mzXML.gz  22.5128 -5813278779056481050  2442.1899   0.4692  662.3477                3   2483.1599 -8670811102654834151                    2
13       2   APIPTALDTDSSK(UniMod:259)    34563.0  AQUA4SWATH_HMLangeA  2277.32   APIPTALDTDSSK                                                NaN                                                NaN                                                NaN           30118.4404           1.7822e+05       19.1  2341.4096  -1.3380      0    -1.8033  -64.0896  napedro_L120420_010_SW.mzXML.gz  17.2967   314311909921658632  2257.8401   0.4692  662.3477                4   2291.9800 -8670811102654834151                    2
14       2   APIPTALDTDSSK(UniMod:259)    86118.0  AQUA4SWATH_HMLangeA  2168.54   APIPTALDTDSSK                                                NaN                                                NaN                                                NaN           16052.5678           1.4071e+05       19.1  2341.4109  -2.2540      0    -4.9575 -172.8709  napedro_L120420_010_SW.mzXML.gz  14.1425   -97604496219386069  2145.1799   0.4692  662.3477                5   2196.3899 -8670811102654834151                    2
15       2       DAVNDITAK(UniMod:259)   550550.0  AQUA4SWATH_HMLangeA  1440.97       DAVNDITAK  1444_y7_2;1433_b4_1;1440_y4_1;1434_b5_1;1441_y...  8915.0;2857.0;9466.0;2115.0;12085.0;1505.0;488...  48372.0;21445.0;48669.0;11461.0;64587.0;10028....          346652.2688           1.7190e+06       -7.8  1417.4678   5.6703      0     0.8459   23.5022  napedro_L120420_010_SW.mzXML.gz  -6.9541  8126738070040012582  1420.7200   0.0033  477.7527                1   1461.6899 -8670811102654834151                    3
16       2       DAVNDITAK(UniMod:259)     9087.0  AQUA4SWATH_HMLangeA  1399.46       DAVNDITAK                                                NaN                                                NaN                                                NaN            4199.7868           2.9226e+04       -7.8  1417.4640   1.2909      0    -0.3576  -18.0040  napedro_L120420_010_SW.mzXML.gz  -8.1576 -1776048885737895349  1386.5800   0.0685  477.7527                2   1407.0601 -8670811102654834151                    3
17       2       DAVNDITAK(UniMod:259)    16487.0  AQUA4SWATH_HMLangeA  1498.30       DAVNDITAK                                                NaN                                                NaN                                                NaN            8977.3591           6.8175e+04       -7.8  1417.4709   0.0788      0     2.5082   80.8291  napedro_L120420_010_SW.mzXML.gz  -5.2918    -2964685333120901  1475.3400   0.4692  477.7527                3   1519.7200 -8670811102654834151                    3
18       2       DAVNDITAK(UniMod:259)    13278.0  AQUA4SWATH_HMLangeA  1379.86       DAVNDITAK                                                NaN                                                NaN                                                NaN            4975.0670           3.9047e+04       -7.8  1417.4644  -0.8668      0    -0.9259  -37.6044  napedro_L120420_010_SW.mzXML.gz  -8.7259  3148606271787840557  1349.0300   0.4692  477.7527                4   1386.5800 -8670811102654834151                    3
19       2       DAVNDITAK(UniMod:259)     4862.0  AQUA4SWATH_HMLangeA  1222.18       DAVNDITAK                                                NaN                                                NaN                                                NaN            5904.1374           3.3378e+04       -7.8  1417.4628  -1.0328      0    -5.4980 -195.2828  napedro_L120420_010_SW.mzXML.gz -13.2980  4042037459888573790  1215.8800   0.4692  477.7527                5   1243.1899 -8670811102654834151                    3
20       2     DITAFDETLFR(UniMod:267)   316323.0  AQUA4SWATH_HMLangeA  4736.91     DITAFDETLFR  1450_b4_1;1461_y3_1;1456_b8_2;1467_y7_2;1462_y...  4177.0;2790.0;569.0;1081.0;6092.0;2289.0;3674....  33058.0;18451.0;7377.0;11113.0;40805.0;18855.0...           89199.6087           5.6932e+05       88.1  4711.3648   5.8401      0     0.5151   25.5452  napedro_L120420_010_SW.mzXML.gz  88.6151 -1732939685941081620  4715.8398   0.0033  669.3342                1   4770.4702 -8670811102654834151                    4
21       2     DITAFDETLFR(UniMod:267)     4916.0  AQUA4SWATH_HMLangeA  4777.56     DITAFDETLFR                                                NaN                                                NaN                                                NaN            2787.2405           1.4235e+04       88.1  4711.3628   1.0887      0     1.6939   66.1972  napedro_L120420_010_SW.mzXML.gz  89.7939 -1299945717078979920  4773.8799   0.2018  669.3342                2   4790.9502 -8670811102654834151                    4
22       2     DITAFDETLFR(UniMod:267)     6654.0  AQUA4SWATH_HMLangeA  4618.81     DITAFDETLFR                                                NaN                                                NaN                                                NaN            6259.7971           4.9404e+04       88.1  4711.3651  -0.7177      0    -2.9093  -92.5551  napedro_L120420_010_SW.mzXML.gz  85.1907  3978035690434740829  4592.9399   0.4692  669.3342                3   4627.0801 -8670811102654834151                    4
23       2     DITAFDETLFR(UniMod:267)     6422.0  AQUA4SWATH_HMLangeA  4694.18     DITAFDETLFR                                                NaN                                                NaN                                                NaN            3414.7566           3.0436e+04       88.1  4711.3621  -1.8170      0    -0.7238  -17.1821  napedro_L120420_010_SW.mzXML.gz  87.3762 -2776243016438776881  4678.2900   0.4692  669.3342                4   4705.6001 -8670811102654834151                    4
24       2     DITAFDETLFR(UniMod:267)    45745.0  AQUA4SWATH_HMLangeA  4551.25     DITAFDETLFR                                                NaN                                                NaN                                                NaN            3389.6989           2.4528e+04       88.1  4711.3638  -2.6785      0    -4.8682 -160.1138  napedro_L120420_010_SW.mzXML.gz  83.2318   782684869511957854  4528.0801   0.4692  669.3342                5   4572.4600 -8670811102654834151                    4
25       2  DLGPALADSSHDVK(UniMod:259)    99909.0  AQUA4SWATH_HMLangeA  2191.90  DLGPALADSSHDVK  1497_y3_1;1481_b4_1;1482_b5_1;1506_y9_2;1498_y...  1528.0;959.0;2335.0;316.0;1332.0;1292.0;3007.0...  12229.0;8085.0;15520.0;4228.0;10998.0;10535.0;...           60653.3969           4.8404e+05       14.4  2179.9784   5.7367      0     0.4199   11.9216  napedro_L120420_010_SW.mzXML.gz  14.8199 -6747816958328369759  2162.4600   0.0033  716.8615                1   2220.4900 -8670811102654834151                    5
26       2  DLGPALADSSHDVK(UniMod:259)     2192.0  AQUA4SWATH_HMLangeA  2319.21  DLGPALADSSHDVK                                                NaN                                                NaN                                                NaN             889.3322           5.8974e+03       14.4  2179.9751   0.6852      0     4.1114  139.2349  napedro_L120420_010_SW.mzXML.gz  18.5114 -3796004822510395804  2305.8401   0.2018  716.8615                2   2322.9099 -8670811102654834151                    5
27       2  DLGPALADSSHDVK(UniMod:259)     4150.0  AQUA4SWATH_HMLangeA  2230.35  DLGPALADSSHDVK                                                NaN                                                NaN                                                NaN            5054.0526           4.7318e+04       14.4  2179.9709  -0.0357      0     1.5350   50.3791  napedro_L120420_010_SW.mzXML.gz  15.9350 -7351287175690601893  2220.4900   0.4692  716.8615                3   2247.8101 -8670811102654834151                    5
28       2  DLGPALADSSHDVK(UniMod:259)    46429.0  AQUA4SWATH_HMLangeA  2414.67  DLGPALADSSHDVK                                                NaN                                                NaN                                                NaN            1472.8326           1.8027e+04       14.4  2179.9780  -1.4530      0     6.8793  234.6920  napedro_L120420_010_SW.mzXML.gz  21.2793 -7430540705360357638  2401.4299   0.4692  716.8615                4   2438.9800 -8670811102654834151                    5
29       2  DLGPALADSSHDVK(UniMod:259)     7162.0  AQUA4SWATH_HMLangeA  2376.75  DLGPALADSSHDVK                                                NaN                                                NaN                                                NaN           18944.3957           1.1654e+05       14.4  2179.9764  -2.4837      0     5.7798  196.7736  napedro_L120420_010_SW.mzXML.gz  20.1798  8908308585569243591  2353.6399   0.4692  716.8615                5   2387.7800 -8670811102654834151                    5
..     ...                         ...        ...                  ...      ...             ...                                                ...                                                ...                                                ...                  ...                  ...        ...        ...      ...    ...        ...       ...                              ...      ...                  ...        ...      ...       ...              ...         ...                  ...                  ...
70       2       LEDSTAPIR(UniMod:267)   503049.0  AQUA4SWATH_HMLangeA  1455.99       LEDSTAPIR  1678_b3_1;1686_y3_1;1679_b4_1;1687_y4_1;1677_-...  12930.0;25500.0;5118.0;20852.0;26693.0;2506.0;...  50953.0;92890.0;21546.0;78543.0;168005.0;11217...          330196.7683           1.4498e+06       -8.1  1407.1585   5.4870      0     1.5816   48.8315  napedro_L120420_010_SW.mzXML.gz  -6.5184  2301101510927918633  1441.3000   0.0033  506.2709                1   1472.0300 -8670811102654834151                   14
71       2       LEDSTAPIR(UniMod:267)     8256.0  AQUA4SWATH_HMLangeA  1423.55       LEDSTAPIR                                                NaN                                                NaN                                                NaN           25889.7351           1.3791e+05       -8.1  1407.1627   2.6545      0     0.6409   16.3873  napedro_L120420_010_SW.mzXML.gz  -7.4591 -9059007664292712863  1407.1700   0.0120  506.2709                2   1427.6500 -8670811102654834151                   14
72       2       LEDSTAPIR(UniMod:267)     8195.0  AQUA4SWATH_HMLangeA  1652.46       LEDSTAPIR                                                NaN                                                NaN                                                NaN           11688.9807           1.3800e+05       -8.1  1407.1628  -0.1009      0     7.2783  245.2972  napedro_L120420_010_SW.mzXML.gz  -0.8217  6344853824089971831  1632.4800   0.4692  506.2709                3   1676.8600 -8670811102654834151                   14
73       2       LEDSTAPIR(UniMod:267)    19898.0  AQUA4SWATH_HMLangeA  1518.00       LEDSTAPIR                                                NaN                                                NaN                                                NaN           11104.6481           2.2386e+05       -8.1  1407.1656  -0.2651      0     3.3794  110.8344  napedro_L120420_010_SW.mzXML.gz  -4.7206  3700650458871096740  1509.5800   0.4692  506.2709                4   1560.7900 -8670811102654834151                   14
74       2       LEDSTAPIR(UniMod:267)    15920.0  AQUA4SWATH_HMLangeA  1604.24       LEDSTAPIR                                                NaN                                                NaN                                                NaN            9082.3308           2.2222e+05       -8.1  1407.1599  -2.5032      0     5.8802  197.0801  napedro_L120420_010_SW.mzXML.gz  -2.2198  -938668788838332474  1577.8600   0.4692  506.2709                5   1629.0699 -8670811102654834151                   14
75       2     LNTIYQNDLTK(UniMod:259)   397659.0  AQUA4SWATH_HMLangeA  2492.82     LNTIYQNDLTK  1709_y3_1;1697_b4_1;1710_y4_1;1719_y9_2;1711_y...  5178.0;4403.0;4352.0;1833.0;9388.0;15441.0;970...  31708.0;31542.0;28228.0;18217.0;56403.0;117675...          237457.7602           1.5433e+06       24.4  2523.4473   5.6899      0    -0.8546  -30.6273  napedro_L120420_010_SW.mzXML.gz  23.5454 -1640064902339918943  2469.5000   0.0033  665.8583                1   2513.8899 -8670811102654834151                   15
76       2     LNTIYQNDLTK(UniMod:259)    20010.0  AQUA4SWATH_HMLangeA  2705.95     LNTIYQNDLTK                                                NaN                                                NaN                                                NaN            5245.4529           6.7660e+04       24.4  2523.4483   1.8687      0     5.3253  182.5017  napedro_L120420_010_SW.mzXML.gz  29.7253 -1007734361656491344  2681.1599   0.0418  665.8583                2   2725.5500 -8670811102654834151                   15
77       2     LNTIYQNDLTK(UniMod:259)    54283.0  AQUA4SWATH_HMLangeA  2383.18     LNTIYQNDLTK                                                NaN                                                NaN                                                NaN            3028.3946           5.8535e+04       24.4  2523.4442  -0.2981      0    -4.0336 -140.2642  napedro_L120420_010_SW.mzXML.gz  20.3664  7763158692599182032  2360.2600   0.4692  665.8583                3   2401.2300 -8670811102654834151                   15
78       2     LNTIYQNDLTK(UniMod:259)   127773.0  AQUA4SWATH_HMLangeA  2440.94     LNTIYQNDLTK                                                NaN                                                NaN                                                NaN            5582.9573           6.9642e+04       24.4  2523.4473  -0.4961      0    -2.3589  -82.5073  napedro_L120420_010_SW.mzXML.gz  22.0411 -3889642487993277741  2421.7100   0.4692  665.8583                4   2469.5000 -8670811102654834151                   15
79       2     LNTIYQNDLTK(UniMod:259)    67174.0  AQUA4SWATH_HMLangeA  2339.76     LNTIYQNDLTK                                                NaN                                                NaN                                                NaN            3370.8413           6.4879e+04       24.4  2523.4426  -3.0365      0    -5.2926 -183.6826  napedro_L120420_010_SW.mzXML.gz  19.1074 -1599617118749158916  2309.0500   0.4692  665.8583                5   2360.2600 -8670811102654834151                   15
80       2   SVLEDTTSYEEAK(UniMod:259)   170083.0  AQUA4SWATH_HMLangeA  2247.73   SVLEDTTSYEEAK  1742_y3_1;1727_b4_1;1743_y4_1;1728_b5_1;1729_b...  5300.0;4281.0;5493.0;1866.0;1665.0;11134.0;110...  25397.0;21268.0;26995.0;9822.0;8128.0;49592.0;...          169233.5806           7.9178e+05       17.2  2276.1507   5.7745      0    -0.7613  -28.4207  napedro_L120420_010_SW.mzXML.gz  16.4387 -5529423995339000099  2230.8401   0.0033  740.3507                1   2268.3899 -8670811102654834151                   16
81       2   SVLEDTTSYEEAK(UniMod:259)     8587.0  AQUA4SWATH_HMLangeA  2309.21   SVLEDTTSYEEAK                                                NaN                                                NaN                                                NaN            5123.2287           5.7851e+04       17.2  2276.1425   1.5491      0     1.0216   33.0675  napedro_L120420_010_SW.mzXML.gz  18.2216  3157293529664391770  2288.8701   0.0685  740.3507                2   2333.2500 -8670811102654834151                   16
82       2   SVLEDTTSYEEAK(UniMod:259)     4486.0  AQUA4SWATH_HMLangeA  2358.38   SVLEDTTSYEEAK                                                NaN                                                NaN                                                NaN            2360.6850           2.2144e+04       17.2  2276.1436  -0.7945      0     2.4473   82.2364  napedro_L120420_010_SW.mzXML.gz  19.6473 -5928830376971727394  2340.0801   0.4692  740.3507                3   2381.0500 -8670811102654834151                   16
83       2   SVLEDTTSYEEAK(UniMod:259)     4076.0  AQUA4SWATH_HMLangeA  2149.69   SVLEDTTSYEEAK                                                NaN                                                NaN                                                NaN            3993.3486           3.5962e+04       17.2  2276.1474  -1.3354      0    -3.6040 -126.4574  napedro_L120420_010_SW.mzXML.gz  13.5960  7562918281900669287  2142.0801   0.4692  740.3507                4   2176.2200 -8670811102654834151                   16
84       2   SVLEDTTSYEEAK(UniMod:259)     2369.0  AQUA4SWATH_HMLangeA  2212.37   SVLEDTTSYEEAK                                                NaN                                                NaN                                                NaN           57804.3977           2.6250e+05       17.2  2276.1507  -2.3424      0    -1.7866  -63.7807  napedro_L120420_010_SW.mzXML.gz  15.4134  8519361793705099427  2200.1101   0.4692  740.3507                5   2220.6001 -8670811102654834151                   16
85       2    SWATGSPDSSNR(UniMod:267)   196462.0  AQUA4SWATH_HMLangeA  1329.96    SWATGSPDSSNR  1770_y3_1;1758_b4_1;1771_y4_1;1767_y10_2;1759_...  1338.0;3675.0;11087.0;1911.0;1217.0;1559.0;236...  6109.0;14654.0;42929.0;8052.0;4755.0;7095.0;97...          120743.1922           5.0591e+05       -9.1  1372.8134   5.7279      0    -1.0728  -42.8534  napedro_L120420_010_SW.mzXML.gz -10.1728  7809402182970292929  1312.0800   0.0033  637.7854                1   1346.2200 -8670811102654834151                   17
86       2    SWATGSPDSSNR(UniMod:267)     3760.0  AQUA4SWATH_HMLangeA  1300.20    SWATGSPDSSNR                                                NaN                                                NaN                                                NaN            3468.1678           1.3029e+04       -9.1  1372.8118   3.8170      0    -1.9357  -72.6118  napedro_L120420_010_SW.mzXML.gz -11.0357   802770302323437186  1288.1899   0.0062  637.7854                2   1305.2600 -8670811102654834151                   17
87       2    SWATGSPDSSNR(UniMod:267)     3715.0  AQUA4SWATH_HMLangeA  1360.55    SWATGSPDSSNR                                                NaN                                                NaN                                                NaN            1415.1735           1.5207e+04       -9.1  1372.8135   3.0440      0    -0.1858  -12.2635  napedro_L120420_010_SW.mzXML.gz  -9.2858  6019417194465506595  1356.4600   0.0091  637.7854                3   1373.5300 -8670811102654834151                   17
88       2    SWATGSPDSSNR(UniMod:267)    29108.0  AQUA4SWATH_HMLangeA  1592.51    SWATGSPDSSNR                                                NaN                                                NaN                                                NaN            2457.5838           1.6351e+04       -9.1  1372.8165   0.4751      0     6.5400  219.6935  napedro_L120420_010_SW.mzXML.gz  -2.5600  2672854510299658289  1574.9600   0.2507  637.7854                4   1619.3400 -8670811102654834151                   17
89       2    SWATGSPDSSNR(UniMod:267)     4037.0  AQUA4SWATH_HMLangeA  1540.54    SWATGSPDSSNR                                                NaN                                                NaN                                                NaN            2078.7058           2.1637e+04       -9.1  1372.8199  -0.3516      0     5.0330  167.7201  napedro_L120420_010_SW.mzXML.gz  -4.0670  3995832705891706304  1520.3400   0.4692  637.7854                5   1554.4700 -8670811102654834151                   17
90       2     VAGDQTSAVLR(UniMod:267)   393441.0  AQUA4SWATH_HMLangeA  1585.49     VAGDQTSAVLR  1797_y7_2;1792_y3_1;1799_y8_2;1793_y4_1;1783_b...  1601.0;10342.0;867.0;14133.0;5843.0;3397.0;828...  5174.0;34684.0;5273.0;45356.0;20714.0;11549.0;...          464430.9827           1.5900e+06       -4.2  1541.1199   5.7096      0     1.4364   44.3701  napedro_L120420_010_SW.mzXML.gz  -2.7636  7031457086089910425  1571.2400   0.0033  563.8082                1   1598.5500 -8670811102654834151                   18
91       2     VAGDQTSAVLR(UniMod:267)     4993.0  AQUA4SWATH_HMLangeA  1497.12     VAGDQTSAVLR                                                NaN                                                NaN                                                NaN            6442.4194           4.3162e+04       -4.2  1541.1194   2.3729      0    -1.1260  -43.9994  napedro_L120420_010_SW.mzXML.gz  -5.3260  1756053292522475389  1479.0601   0.0180  563.8082                2   1513.2000 -8670811102654834151                   18
92       2     VAGDQTSAVLR(UniMod:267)     9220.0  AQUA4SWATH_HMLangeA  1660.52     VAGDQTSAVLR                                                NaN                                                NaN                                                NaN            2618.1128           4.0668e+04       -4.2  1541.1141   0.1798      0     3.6121  119.4059  napedro_L120420_010_SW.mzXML.gz  -0.5879  7130096974348671060  1646.3400   0.4000  563.8082                3   1683.9000 -8670811102654834151                   18
93       2     VAGDQTSAVLR(UniMod:267)     2409.0  AQUA4SWATH_HMLangeA  1831.89     VAGDQTSAVLR                                                NaN                                                NaN                                                NaN            1711.9921           1.2901e+04       -4.2  1541.1143  -0.5356      0     8.5812  290.7757  napedro_L120420_010_SW.mzXML.gz   4.3812 -4262308502611531352  1823.8700   0.4692  563.8082                4   1840.9399 -8670811102654834151                   18
94       2     VAGDQTSAVLR(UniMod:267)     5828.0  AQUA4SWATH_HMLangeA  1542.20     VAGDQTSAVLR                                                NaN                                                NaN                                                NaN            2420.8152           2.2885e+04       -4.2  1541.1153  -1.9766      0     0.1813    1.0847  napedro_L120420_010_SW.mzXML.gz  -4.0187 -3242689829518262873  1526.8600   0.4692  563.8082                5   1554.1700 -8670811102654834151                   18
95       2      VYVYAVDQTR(UniMod:267)   597887.0  AQUA4SWATH_HMLangeA  2230.18      VYVYAVDQTR  1803_b3_1;1813_y3_1;1821_y8_2;1804_b4_1;1814_y...  20367.0;19321.0;4323.0;3974.0;17424.0;5191.0;1...  89094.0;85016.0;20487.0;17689.0;74968.0;25322....          269150.5777           1.1925e+06       16.3  2245.2318   5.6532      0    -0.3700  -15.0518  napedro_L120420_010_SW.mzXML.gz  15.9300  6870255268859409918  2213.2600   0.0033  612.3184                1   2247.3999 -8670811102654834151                   19
96       2      VYVYAVDQTR(UniMod:267)    16553.0  AQUA4SWATH_HMLangeA  2317.38      VYVYAVDQTR                                                NaN                                                NaN                                                NaN            9656.7598           8.9588e+04       16.3  2245.2345   0.3846      0     2.1584   72.1455  napedro_L120420_010_SW.mzXML.gz  18.4584  6262215160571261022  2302.0200   0.2507  612.3184                2   2332.7400 -8670811102654834151                   19
97       2      VYVYAVDQTR(UniMod:267)    20746.0  AQUA4SWATH_HMLangeA  2120.97      VYVYAVDQTR                                                NaN                                                NaN                                                NaN           10568.0806           8.5677e+04       16.3  2245.2373   0.3343      0    -3.5368 -124.2673  napedro_L120420_010_SW.mzXML.gz  12.7632  -610141049182829192  2100.6001   0.4000  612.3184                3   2141.5701 -8670811102654834151                   19
98       2      VYVYAVDQTR(UniMod:267)    48058.0  AQUA4SWATH_HMLangeA  2291.53      VYVYAVDQTR                                                NaN                                                NaN                                                NaN            6480.8607           7.5465e+04       16.3  2245.2345  -0.0155      0     1.4088   46.2955  napedro_L120420_010_SW.mzXML.gz  17.7088  2043199813358518344  2267.8799   0.4692  612.3184                4   2298.6101 -8670811102654834151                   19
99       2      VYVYAVDQTR(UniMod:267)    10959.0  AQUA4SWATH_HMLangeA  2538.15      VYVYAVDQTR                                                NaN                                                NaN                                                NaN           10810.2698           5.6554e+04       16.3  2245.2307  -1.8782      0     8.5599  292.9193  napedro_L120420_010_SW.mzXML.gz  24.8599 -5430403952310232561  2520.5100   0.4692  612.3184                5   2544.4099 -8670811102654834151                   19

[100 rows x 27 columns]
